Archive member included to satisfy reference by file (symbol)

C:/Users/habib/.pico-sdk/toolchain/13_3_Rel1/bin/../lib/gcc/arm-none-eabi/13.3.1/thumb/v6-m/nofp\libgcc.a(_dvmd_tls.o)
                              CMakeFiles/pwmCepedi.dir/C_/Users/habib/.pico-sdk/sdk/2.1.0/src/rp2_common/pico_divider/divider_hardware.S.obj (__aeabi_idiv0)
C:/Users/habib/.pico-sdk/toolchain/13_3_Rel1/bin/../lib/gcc/arm-none-eabi/13.3.1/thumb/v6-m/nofp\libg.a(libc_a-calloc.o)
                              CMakeFiles/pwmCepedi.dir/C_/Users/habib/.pico-sdk/sdk/2.1.0/src/rp2_common/pico_malloc/malloc.c.obj (calloc)
C:/Users/habib/.pico-sdk/toolchain/13_3_Rel1/bin/../lib/gcc/arm-none-eabi/13.3.1/thumb/v6-m/nofp\libg.a(libc_a-callocr.o)
                              C:/Users/habib/.pico-sdk/toolchain/13_3_Rel1/bin/../lib/gcc/arm-none-eabi/13.3.1/thumb/v6-m/nofp\libg.a(libc_a-calloc.o) (_calloc_r)
C:/Users/habib/.pico-sdk/toolchain/13_3_Rel1/bin/../lib/gcc/arm-none-eabi/13.3.1/thumb/v6-m/nofp\libg.a(libc_a-malloc.o)
                              CMakeFiles/pwmCepedi.dir/C_/Users/habib/.pico-sdk/sdk/2.1.0/src/rp2_common/pico_malloc/malloc.c.obj (malloc)
C:/Users/habib/.pico-sdk/toolchain/13_3_Rel1/bin/../lib/gcc/arm-none-eabi/13.3.1/thumb/v6-m/nofp\libg.a(libc_a-mallocr.o)
                              C:/Users/habib/.pico-sdk/toolchain/13_3_Rel1/bin/../lib/gcc/arm-none-eabi/13.3.1/thumb/v6-m/nofp\libg.a(libc_a-callocr.o) (_malloc_r)
C:/Users/habib/.pico-sdk/toolchain/13_3_Rel1/bin/../lib/gcc/arm-none-eabi/13.3.1/thumb/v6-m/nofp\libg.a(libc_a-mlock.o)
                              C:/Users/habib/.pico-sdk/toolchain/13_3_Rel1/bin/../lib/gcc/arm-none-eabi/13.3.1/thumb/v6-m/nofp\libg.a(libc_a-mallocr.o) (__malloc_lock)
C:/Users/habib/.pico-sdk/toolchain/13_3_Rel1/bin/../lib/gcc/arm-none-eabi/13.3.1/thumb/v6-m/nofp\libg.a(libc_a-realloc.o)
                              CMakeFiles/pwmCepedi.dir/C_/Users/habib/.pico-sdk/sdk/2.1.0/src/rp2_common/pico_malloc/malloc.c.obj (realloc)
C:/Users/habib/.pico-sdk/toolchain/13_3_Rel1/bin/../lib/gcc/arm-none-eabi/13.3.1/thumb/v6-m/nofp\libg.a(libc_a-reallocr.o)
                              C:/Users/habib/.pico-sdk/toolchain/13_3_Rel1/bin/../lib/gcc/arm-none-eabi/13.3.1/thumb/v6-m/nofp\libg.a(libc_a-realloc.o) (_realloc_r)
C:/Users/habib/.pico-sdk/toolchain/13_3_Rel1/bin/../lib/gcc/arm-none-eabi/13.3.1/thumb/v6-m/nofp\libg.a(libc_a-memcmp.o)
                              CMakeFiles/pwmCepedi.dir/C_/Users/habib/.pico-sdk/sdk/2.1.0/src/rp2_common/pico_atomic/atomic.c.obj (memcmp)
C:/Users/habib/.pico-sdk/toolchain/13_3_Rel1/bin/../lib/gcc/arm-none-eabi/13.3.1/thumb/v6-m/nofp\libg.a(libc_a-memmove.o)
                              C:/Users/habib/.pico-sdk/toolchain/13_3_Rel1/bin/../lib/gcc/arm-none-eabi/13.3.1/thumb/v6-m/nofp\libg.a(libc_a-reallocr.o) (memmove)
C:/Users/habib/.pico-sdk/toolchain/13_3_Rel1/bin/../lib/gcc/arm-none-eabi/13.3.1/thumb/v6-m/nofp\libg.a(libc_a-lcltime_r.o)
                              CMakeFiles/pwmCepedi.dir/C_/Users/habib/.pico-sdk/sdk/2.1.0/src/common/pico_util/datetime.c.obj (localtime_r)
C:/Users/habib/.pico-sdk/toolchain/13_3_Rel1/bin/../lib/gcc/arm-none-eabi/13.3.1/thumb/v6-m/nofp\libg.a(libc_a-mktime.o)
                              CMakeFiles/pwmCepedi.dir/C_/Users/habib/.pico-sdk/sdk/2.1.0/src/common/pico_util/datetime.c.obj (mktime)
C:/Users/habib/.pico-sdk/toolchain/13_3_Rel1/bin/../lib/gcc/arm-none-eabi/13.3.1/thumb/v6-m/nofp\libg.a(libc_a-month_lengths.o)
                              C:/Users/habib/.pico-sdk/toolchain/13_3_Rel1/bin/../lib/gcc/arm-none-eabi/13.3.1/thumb/v6-m/nofp\libg.a(libc_a-lcltime_r.o) (__month_lengths)
C:/Users/habib/.pico-sdk/toolchain/13_3_Rel1/bin/../lib/gcc/arm-none-eabi/13.3.1/thumb/v6-m/nofp\libg.a(libc_a-tzcalc_limits.o)
                              C:/Users/habib/.pico-sdk/toolchain/13_3_Rel1/bin/../lib/gcc/arm-none-eabi/13.3.1/thumb/v6-m/nofp\libg.a(libc_a-lcltime_r.o) (__tzcalc_limits)
C:/Users/habib/.pico-sdk/toolchain/13_3_Rel1/bin/../lib/gcc/arm-none-eabi/13.3.1/thumb/v6-m/nofp\libg.a(libc_a-tzlock.o)
                              C:/Users/habib/.pico-sdk/toolchain/13_3_Rel1/bin/../lib/gcc/arm-none-eabi/13.3.1/thumb/v6-m/nofp\libg.a(libc_a-lcltime_r.o) (__tz_lock)
C:/Users/habib/.pico-sdk/toolchain/13_3_Rel1/bin/../lib/gcc/arm-none-eabi/13.3.1/thumb/v6-m/nofp\libg.a(libc_a-tzset.o)
                              C:/Users/habib/.pico-sdk/toolchain/13_3_Rel1/bin/../lib/gcc/arm-none-eabi/13.3.1/thumb/v6-m/nofp\libg.a(libc_a-lcltime_r.o) (_tzset_unlocked)
C:/Users/habib/.pico-sdk/toolchain/13_3_Rel1/bin/../lib/gcc/arm-none-eabi/13.3.1/thumb/v6-m/nofp\libg.a(libc_a-tzset_r.o)
                              C:/Users/habib/.pico-sdk/toolchain/13_3_Rel1/bin/../lib/gcc/arm-none-eabi/13.3.1/thumb/v6-m/nofp\libg.a(libc_a-tzset.o) (_tzset_unlocked_r)
C:/Users/habib/.pico-sdk/toolchain/13_3_Rel1/bin/../lib/gcc/arm-none-eabi/13.3.1/thumb/v6-m/nofp\libg.a(libc_a-tzvars.o)
[...]
Memory Configuration

Name             Origin             Length             Attributes
FLASH            0x10000000         0x00200000         xr
RAM              0x20000000         0x00040000         xrw
SCRATCH_X        0x20040000         0x00001000         xrw
SCRATCH_Y        0x20041000         0x00001000         xrw
*default*        0x00000000         0xffffffff

Linker script and memory map

LOAD C:/Users/habib/.pico-sdk/toolchain/13_3_Rel1/bin/../lib/gcc/arm-none-eabi/13.3.1/thumb/v6-m/nofp/crti.o
LOAD C:/Users/habib/.pico-sdk/toolchain/13_3_Rel1/bin/../lib/gcc/arm-none-eabi/13.3.1/thumb/v6-m/nofp/crtbegin.o
LOAD C:/Users/habib/.pico-sdk/toolchain/13_3_Rel1/bin/../lib/gcc/arm-none-eabi/13.3.1/thumb/v6-m/nofp/crt0.o

.flash_begin    0x10000000        0x0
                0x10000000                        __flash_binary_start = .

.boot2          0x10000000      0x100
                0x10000000                        __boot2_start__ = .
 *(.boot2)
 .boot2         0x10000000      0x100 pico-sdk/src/rp2040/boot_stage2/CMakeFiles/bs2_default_library.dir/./bs2_default_padded_checksummed.S.obj
                0x10000100                        __boot2_end__ = .
                0x00000001                        ASSERT (((__boot2_end__ - __boot2_start__) == 0x100), ERROR: Pico second stage bootloader must be 256 bytes in size)

.text           0x10000100     0x4d44
                0x10000100                        __logical_binary_start = .
 *(.vectors)
 .vectors       0x10000100       0xd4 CMakeFiles/pwmCepedi.dir/C_/Users/habib/.pico-sdk/sdk/2.1.0/src/rp2_common/pico_crt0/crt0.S.obj
                0x10000100                __VECTOR_TABLE
                0x10000100                __vectors
                0x100001c0                isr_invalid
                0x100001c0                __default_isrs_start
                0x100001c2                isr_nmi
                0x100001c4                isr_hardfault
                0x100001c6                isr_svcall
                0x100001c8                isr_pendsv
                0x100001ca                isr_systick
                0x100001cc                isr_irq23
                0x100001cc                isr_irq18
                0x100001cc                isr_irq11
                0x100001cc                isr_irq28
                0x100001cc                isr_irq19
                0x100001cc                isr_irq0
                0x100001cc                isr_irq6
                0x100001cc                isr_irq5
                0x100001cc                isr_irq12
                0x100001cc                isr_irq22
                0x100001cc                isr_irq31
                0x100001cc                isr_irq17
                0x100001cc                isr_irq27
                0x100001cc                isr_irq30
                0x100001cc                isr_irq2
                0x100001cc                isr_irq10
                0x100001cc                isr_irq8
                0x100001cc                isr_irq24
                0x100001cc                isr_irq1
                0x100001cc                isr_irq7
                0x100001cc                isr_irq21
                0x100001cc                isr_irq20
                0x100001cc                isr_irq15
                0x100001cc                isr_irq25
                0x100001cc                isr_irq13
                0x100001cc                __unhandled_user_irq
                0x100001cc                isr_irq4
                0x100001cc                isr_irq16
                0x100001cc                isr_irq29
                0x100001cc                isr_irq26
                0x100001cc                __default_isrs_end
                0x100001cc                isr_irq3
                0x100001cc                isr_irq14
                0x100001cc                isr_irq9
                0x100001d2                unhandled_user_irq_num_in_r0
 *(.binary_info_header)
 .binary_info_header
                0x100001d4       0x14 CMakeFiles/pwmCepedi.dir/C_/Users/habib/.pico-sdk/sdk/2.1.0/src/rp2_common/pico_crt0/crt0.S.obj
                0x100001e8                        __binary_info_header_end = .
 *(.embedded_block)
                0x100001e8                        __embedded_block_end = .
 *(.reset)
 .reset         0x100001e8       0x9c CMakeFiles/pwmCepedi.dir/C_/Users/habib/.pico-sdk/sdk/2.1.0/src/rp2_common/pico_crt0/crt0.S.obj
                0x100001e8                _entry_point
 *(.init)
 .init          0x10000284        0x4 C:/Users/habib/.pico-sdk/toolchain/13_3_Rel1/bin/../lib/gcc/arm-none-eabi/13.3.1/thumb/v6-m/nofp/crti.o
                0x10000284                _init
 *(EXCLUDE_FILE(*libm.a: *libc.a:*lib_a-mem*.o *libgcc.a:) .text*)
 .text.register_tm_clones
                0x10000288       0x28 C:/Users/habib/.pico-sdk/toolchain/13_3_Rel1/bin/../lib/gcc/arm-none-eabi/13.3.1/thumb/v6-m/nofp/crtbegin.o
 .text.frame_dummy
                0x100002b0       0x24 C:/Users/habib/.pico-sdk/toolchain/13_3_Rel1/bin/../lib/gcc/arm-none-eabi/13.3.1/thumb/v6-m/nofp/crtbegin.o
 .text.alterar_sinal
                0x100002d4       0x58 CMakeFiles/pwmCepedi.dir/pwmCepedi.c.obj
                0x100002d4                alterar_sinal
 .text.configurar_leds
                0x1000032c       0x30 CMakeFiles/pwmCepedi.dir/pwmCepedi.c.obj
                0x1000032c                configurar_leds
 .text.startup.main
                0x1000035c      0x1f4 CMakeFiles/pwmCepedi.dir/pwmCepedi.c.obj
                0x1000035c                main
 .text.gpio_set_function
                0x10000550       0x34 CMakeFiles/pwmCepedi.dir/C_/Users/habib/.pico-sdk/sdk/2.1.0/src/rp2_common/hardware_gpio/gpio.c.obj
                0x10000550                gpio_set_function
 .text.gpio_set_pulls
                0x10000584       0x28 CMakeFiles/pwmCepedi.dir/C_/Users/habib/.pico-sdk/sdk/2.1.0/src/rp2_common/hardware_gpio/gpio.c.obj
                0x10000584                gpio_set_pulls
 .text.gpio_init
                0x100005ac       0x40 CMakeFiles/pwmCepedi.dir/C_/Users/habib/.pico-sdk/sdk/2.1.0/src/rp2_common/hardware_gpio/gpio.c.obj
                0x100005ac                gpio_init
 .text.rp2040_chip_version
                0x100005ec        0xc CMakeFiles/pwmCepedi.dir/C_/Users/habib/.pico-sdk/sdk/2.1.0/src/rp2040/pico_platform/platform.c.obj
                0x100005ec                rp2040_chip_version
 .text.panic    0x100005f8       0x30 CMakeFiles/pwmCepedi.dir/C_/Users/habib/.pico-sdk/sdk/2.1.0/src/rp2_common/pico_platform_panic/panic.c.obj
                0x100005f8                panic
 .text.hw_claim_or_assert
                0x10000628       0x44 CMakeFiles/pwmCepedi.dir/C_/Users/habib/.pico-sdk/sdk/2.1.0/src/common/hardware_claim/claim.c.obj
                0x10000628                hw_claim_or_assert
 .text.hw_claim_unused_from_range
                0x1000066c       0x9c CMakeFiles/pwmCepedi.dir/C_/Users/habib/.pico-sdk/sdk/2.1.0/src/common/hardware_claim/claim.c.obj
                0x1000066c                hw_claim_unused_from_range
 .text.next_striped_spin_lock_num
                0x10000708       0x18 CMakeFiles/pwmCepedi.dir/C_/Users/habib/.pico-sdk/sdk/2.1.0/src/rp2_common/hardware_sync/sync.c.obj
                0x10000708                next_striped_spin_lock_num
 .text.spin_lock_claim_unused
                0x10000720       0x24 CMakeFiles/pwmCepedi.dir/C_/Users/habib/.pico-sdk/sdk/2.1.0/src/rp2_common/hardware_sync/sync.c.obj
                0x10000720                spin_lock_claim_unused
 .text.spin_locks_reset
                0x10000744       0x1c CMakeFiles/pwmCepedi.dir/C_/Users/habib/.pico-sdk/sdk/2.1.0/src/rp2_common/hardware_sync_spin_lock/sync_spin_lock.c.obj
                0x10000744                spin_locks_reset
 .text.runtime_init_per_core_irq_priorities
                0x10000760       0x24 CMakeFiles/pwmCepedi.dir/C_/Users/habib/.pico-sdk/sdk/2.1.0/src/rp2_common/hardware_irq/irq.c.obj
                0x10000760                runtime_init_per_core_irq_priorities
 .text.irq_set_enabled
                0x10000784       0x24 CMakeFiles/pwmCepedi.dir/C_/Users/habib/.pico-sdk/sdk/2.1.0/src/rp2_common/hardware_irq/irq.c.obj
                0x10000784                irq_set_enabled
 .text.irq_is_enabled
                0x100007a8       0x18 CMakeFiles/pwmCepedi.dir/C_/Users/habib/.pico-sdk/sdk/2.1.0/src/rp2_common/hardware_irq/irq.c.obj
                0x100007a8                irq_is_enabled
 .text.irq_set_pending
                0x100007c0       0x10 CMakeFiles/pwmCepedi.dir/C_/Users/habib/.pico-sdk/sdk/2.1.0/src/rp2_common/hardware_irq/irq.c.obj
                0x100007c0                irq_set_pending
 .text.irq_has_shared_handler
                0x100007d0       0x2c CMakeFiles/pwmCepedi.dir/C_/Users/habib/.pico-sdk/sdk/2.1.0/src/rp2_common/hardware_irq/irq.c.obj
                0x100007d0                irq_has_shared_handler
 .text.irq_set_exclusive_handler
                0x100007fc       0x54 CMakeFiles/pwmCepedi.dir/C_/Users/habib/.pico-sdk/sdk/2.1.0/src/rp2_common/hardware_irq/irq.c.obj
                0x100007fc                irq_set_exclusive_handler
 .text.irq_add_shared_handler
                0x10000850      0x1f4 CMakeFiles/pwmCepedi.dir/C_/Users/habib/.pico-sdk/sdk/2.1.0/src/rp2_common/hardware_irq/irq.c.obj
                0x10000850                irq_add_shared_handler
 .text.irq_remove_handler
                0x10000a44      0x1d4 CMakeFiles/pwmCepedi.dir/C_/Users/habib/.pico-sdk/sdk/2.1.0/src/rp2_common/hardware_irq/irq.c.obj
                0x10000a44                irq_remove_handler
 .text.irq_add_tail_to_free_list
                0x10000c18       0xb4 CMakeFiles/pwmCepedi.dir/C_/Users/habib/.pico-sdk/sdk/2.1.0/src/rp2_common/hardware_irq/irq.c.obj
                0x10000c18                irq_add_tail_to_free_list
 .text.user_irq_claim_unused
                0x10000ccc       0x2c CMakeFiles/pwmCepedi.dir/C_/Users/habib/.pico-sdk/sdk/2.1.0/src/rp2_common/hardware_irq/irq.c.obj
                0x10000ccc                user_irq_claim_unused
 .text.lock_init
                0x10000cf8       0x10 CMakeFiles/pwmCepedi.dir/C_/Users/habib/.pico-sdk/sdk/2.1.0/src/common/pico_sync/lock_core.c.obj
                0x10000cf8                lock_init
 .text.runtime_init_mutex
                0x10000d08       0x50 CMakeFiles/pwmCepedi.dir/C_/Users/habib/.pico-sdk/sdk/2.1.0/src/common/pico_sync/mutex.c.obj
                0x10000d08                runtime_init_mutex
 .text.mutex_init
                0x10000d58       0x1c CMakeFiles/pwmCepedi.dir/C_/Users/habib/.pico-sdk/sdk/2.1.0/src/common/pico_sync/mutex.c.obj
                0x10000d58                mutex_init
 .text.critical_section_init
                0x10000d74       0x1c CMakeFiles/pwmCepedi.dir/C_/Users/habib/.pico-sdk/sdk/2.1.0/src/common/pico_sync/critical_section.c.obj
                0x10000d74                critical_section_init
 .text.critical_section_init_with_lock_num
                0x10000d90       0x14 CMakeFiles/pwmCepedi.dir/C_/Users/habib/.pico-sdk/sdk/2.1.0/src/common/pico_sync/critical_section.c.obj
                0x10000d90                critical_section_init_with_lock_num
 .text.sleep_until_callback
                0x10000da4       0x30 CMakeFiles/pwmCepedi.dir/C_/Users/habib/.pico-sdk/sdk/2.1.0/src/common/pico_time/time.c.obj
 .text.alarm_pool_irq_handler
                0x10000dd4      0x2fc CMakeFiles/pwmCepedi.dir/C_/Users/habib/.pico-sdk/sdk/2.1.0/src/common/pico_time/time.c.obj
 .text.runtime_init_default_alarm_pool
                0x100010d0       0xdc CMakeFiles/pwmCepedi.dir/C_/Users/habib/.pico-sdk/sdk/2.1.0/src/common/pico_time/time.c.obj
                0x100010d0                runtime_init_default_alarm_pool
 .text.alarm_pool_get_default
                0x100011ac        0x8 CMakeFiles/pwmCepedi.dir/C_/Users/habib/.pico-sdk/sdk/2.1.0/src/common/pico_time/time.c.obj
                0x100011ac                alarm_pool_get_default
 .text.alarm_pool_add_alarm_at
                0x100011b4       0xd4 CMakeFiles/pwmCepedi.dir/C_/Users/habib/.pico-sdk/sdk/2.1.0/src/common/pico_time/time.c.obj
                0x100011b4                alarm_pool_add_alarm_at
 .text.alarm_pool_add_alarm_at_force_in_context
                0x10001288       0xb0 CMakeFiles/pwmCepedi.dir/C_/Users/habib/.pico-sdk/sdk/2.1.0/src/common/pico_time/time.c.obj
                0x10001288                alarm_pool_add_alarm_at_force_in_context
 .text.alarm_pool_cancel_alarm
                0x10001338       0x74 CMakeFiles/pwmCepedi.dir/C_/Users/habib/.pico-sdk/sdk/2.1.0/src/common/pico_time/time.c.obj
                0x10001338                alarm_pool_cancel_alarm
 .text.alarm_pool_core_num
                0x100013ac        0x4 CMakeFiles/pwmCepedi.dir/C_/Users/habib/.pico-sdk/sdk/2.1.0/src/common/pico_time/time.c.obj
                0x100013ac                alarm_pool_core_num
 .text.sleep_until
                0x100013b0       0xd8 CMakeFiles/pwmCepedi.dir/C_/Users/habib/.pico-sdk/sdk/2.1.0/src/common/pico_time/time.c.obj
                0x100013b0                sleep_until
 .text.sleep_ms
                0x10001488       0x38 CMakeFiles/pwmCepedi.dir/C_/Users/habib/.pico-sdk/sdk/2.1.0/src/common/pico_time/time.c.obj
                0x10001488                sleep_ms
 .text.best_effort_wfe_or_timeout
                0x100014c0       0xe0 CMakeFiles/pwmCepedi.dir/C_/Users/habib/.pico-sdk/sdk/2.1.0/src/common/pico_time/time.c.obj
                0x100014c0                best_effort_wfe_or_timeout
 .text.alarm_pool_add_repeating_timer_us
                0x100015a0      0x128 CMakeFiles/pwmCepedi.dir/C_/Users/habib/.pico-sdk/sdk/2.1.0/src/common/pico_time/time.c.obj
                0x100015a0                alarm_pool_add_repeating_timer_us
 .text.timer_hardware_alarm_claim
                0x100016c8       0x14 CMakeFiles/pwmCepedi.dir/C_/Users/habib/.pico-sdk/sdk/2.1.0/src/rp2_common/hardware_timer/timer.c.obj
                0x100016c8                timer_hardware_alarm_claim
 .text.timer_time_us_64
                0x100016dc       0x10 CMakeFiles/pwmCepedi.dir/C_/Users/habib/.pico-sdk/sdk/2.1.0/src/rp2_common/hardware_timer/timer.c.obj
                0x100016dc                timer_time_us_64
 .text.time_us_64
                0x100016ec       0x14 CMakeFiles/pwmCepedi.dir/C_/Users/habib/.pico-sdk/sdk/2.1.0/src/rp2_common/hardware_timer/timer.c.obj
                0x100016ec                time_us_64
 .text.busy_wait_us
                0x10001700       0x68 CMakeFiles/pwmCepedi.dir/C_/Users/habib/.pico-sdk/sdk/2.1.0/src/rp2_common/hardware_timer/timer.c.obj
                0x10001700                busy_wait_us
 .text.busy_wait_until
                0x10001768       0x20 CMakeFiles/pwmCepedi.dir/C_/Users/habib/.pico-sdk/sdk/2.1.0/src/rp2_common/hardware_timer/timer.c.obj
                0x10001768                busy_wait_until
 .text.uart_init
                0x10001788      0x120 CMakeFiles/pwmCepedi.dir/C_/Users/habib/.pico-sdk/sdk/2.1.0/src/rp2_common/hardware_uart/uart.c.obj
                0x10001788                uart_init
 .text.clock_configure_int_divider
                0x100018a8       0xf4 CMakeFiles/pwmCepedi.dir/C_/Users/habib/.pico-sdk/sdk/2.1.0/src/rp2_common/hardware_clocks/clocks.c.obj
                0x100018a8                clock_configure_int_divider
 .text.clock_configure_undivided
                0x1000199c       0xe8 CMakeFiles/pwmCepedi.dir/C_/Users/habib/.pico-sdk/sdk/2.1.0/src/rp2_common/hardware_clocks/clocks.c.obj
                0x1000199c                clock_configure_undivided
 .text.clock_get_hz
                0x10001a84        0xc CMakeFiles/pwmCepedi.dir/C_/Users/habib/.pico-sdk/sdk/2.1.0/src/rp2_common/hardware_clocks/clocks.c.obj
                0x10001a84                clock_get_hz
 .text.pll_init
                0x10001a90       0xa4 CMakeFiles/pwmCepedi.dir/C_/Users/habib/.pico-sdk/sdk/2.1.0/src/rp2_common/hardware_pll/pll.c.obj
                0x10001a90                pll_init
 .text.watchdog_reboot
                0x10001b34       0x9c CMakeFiles/pwmCepedi.dir/C_/Users/habib/.pico-sdk/sdk/2.1.0/src/rp2_common/hardware_watchdog/watchdog.c.obj
                0x10001b34                watchdog_reboot
 .text.tick_start
                0x10001bd0       0x10 CMakeFiles/pwmCepedi.dir/C_/Users/habib/.pico-sdk/sdk/2.1.0/src/rp2_common/hardware_ticks/ticks.c.obj
                0x10001bd0                tick_start
 .text.rom_func_lookup
                0x10001be0       0x10 CMakeFiles/pwmCepedi.dir/C_/Users/habib/.pico-sdk/sdk/2.1.0/src/rp2_common/pico_bootrom/bootrom.c.obj
                0x10001be0                rom_func_lookup
 .text.rom_data_lookup
                0x10001bf0       0x10 CMakeFiles/pwmCepedi.dir/C_/Users/habib/.pico-sdk/sdk/2.1.0/src/rp2_common/pico_bootrom/bootrom.c.obj
                0x10001bf0                rom_data_lookup
 .text.rom_funcs_lookup
                0x10001c00       0x44 CMakeFiles/pwmCepedi.dir/C_/Users/habib/.pico-sdk/sdk/2.1.0/src/rp2_common/pico_bootrom/bootrom.c.obj
                0x10001c00                rom_funcs_lookup
 .text.rom_reset_usb_boot_extra
                0x10001c44       0x28 CMakeFiles/pwmCepedi.dir/C_/Users/habib/.pico-sdk/sdk/2.1.0/src/rp2_common/pico_bootrom/bootrom.c.obj
                0x10001c44                rom_reset_usb_boot_extra
 .text.xosc_init
                0x10001c6c       0x28 CMakeFiles/pwmCepedi.dir/C_/Users/habib/.pico-sdk/sdk/2.1.0/src/rp2_common/hardware_xosc/xosc.c.obj
                0x10001c6c                xosc_init
 .text.first_per_core_initializer
                0x10001c94        0x4 CMakeFiles/pwmCepedi.dir/C_/Users/habib/.pico-sdk/sdk/2.1.0/src/rp2_common/pico_runtime/runtime.c.obj
 .text.hard_assertion_failure
                0x10001c98        0xc CMakeFiles/pwmCepedi.dir/C_/Users/habib/.pico-sdk/sdk/2.1.0/src/rp2_common/pico_runtime/runtime.c.obj
                0x10001c98                hard_assertion_failure
 .text.runtime_run_initializers
                0x10001ca4       0x28 CMakeFiles/pwmCepedi.dir/C_/Users/habib/.pico-sdk/sdk/2.1.0/src/rp2_common/pico_runtime/runtime.c.obj
                0x10001ca4                runtime_run_initializers
 .text.runtime_init_early_resets
                0x10001ccc       0x2c CMakeFiles/pwmCepedi.dir/C_/Users/habib/.pico-sdk/sdk/2.1.0/src/rp2_common/pico_runtime_init/runtime_init.c.obj
                0x10001ccc                runtime_init_early_resets
 .text.runtime_init_usb_power_down
                0x10001cf8       0x1c CMakeFiles/pwmCepedi.dir/C_/Users/habib/.pico-sdk/sdk/2.1.0/src/rp2_common/pico_runtime_init/runtime_init.c.obj
                0x10001cf8                runtime_init_usb_power_down
 .text.runtime_init_post_clock_resets
                0x10001d14       0x20 CMakeFiles/pwmCepedi.dir/C_/Users/habib/.pico-sdk/sdk/2.1.0/src/rp2_common/pico_runtime_init/runtime_init.c.obj
                0x10001d14                runtime_init_post_clock_resets
 .text.runtime_init_rp2040_gpio_ie_disable
                0x10001d34       0x14 CMakeFiles/pwmCepedi.dir/C_/Users/habib/.pico-sdk/sdk/2.1.0/src/rp2_common/pico_runtime_init/runtime_init.c.obj
                0x10001d34                runtime_init_rp2040_gpio_ie_disable
 .text.runtime_init_spin_locks_reset
                0x10001d48        0x8 CMakeFiles/pwmCepedi.dir/C_/Users/habib/.pico-sdk/sdk/2.1.0/src/rp2_common/pico_runtime_init/runtime_init.c.obj
                0x10001d48                runtime_init_spin_locks_reset
 .text.runtime_init_install_ram_vector_table
                0x10001d50       0x1c CMakeFiles/pwmCepedi.dir/C_/Users/habib/.pico-sdk/sdk/2.1.0/src/rp2_common/pico_runtime_init/runtime_init.c.obj
                0x10001d50                runtime_init_install_ram_vector_table
 .text.runtime_init_clocks
                0x10001d6c       0xd8 CMakeFiles/pwmCepedi.dir/C_/Users/habib/.pico-sdk/sdk/2.1.0/src/rp2_common/pico_runtime_init/runtime_init_clocks.c.obj
                0x10001d6c                runtime_init_clocks
 .text          0x10001e44       0x10 CMakeFiles/pwmCepedi.dir/C_/Users/habib/.pico-sdk/sdk/2.1.0/src/rp2_common/pico_bit_ops/bit_ops_aeabi.S.obj
 .text.__wrap___aeabi_uidiv
                0x10001e54       0x4c CMakeFiles/pwmCepedi.dir/C_/Users/habib/.pico-sdk/sdk/2.1.0/src/rp2_common/pico_divider/divider_hardware.S.obj
                0x10001e54                __wrap___aeabi_uidiv
                0x10001e54                __wrap___aeabi_uidivmod
                0x10001e54                div_u32u32
                0x10001e54                divmod_u32u32
                0x10001e5c                divmod_u32u32_unsafe
                0x10001e84                divmod_u32u32_savestate
 .text.missing_double_func_shim
                0x10001ea0        0xc CMakeFiles/pwmCepedi.dir/C_/Users/habib/.pico-sdk/sdk/2.1.0/src/rp2_common/pico_double/double_init_rom_rp2040.c.obj
 .text.__aeabi_double_init
                0x10001eac       0xa0 CMakeFiles/pwmCepedi.dir/C_/Users/habib/.pico-sdk/sdk/2.1.0/src/rp2_common/pico_double/double_init_rom_rp2040.c.obj
                0x10001eac                __aeabi_double_init
 .text.double_table_shim_on_use_helper
                0x10001f4c       0x2c CMakeFiles/pwmCepedi.dir/C_/Users/habib/.pico-sdk/sdk/2.1.0/src/rp2_common/pico_double/double_v1_rom_shim_rp2040.S.obj
                0x10001f4c                double_table_shim_on_use_helper
 .text.__aeabi_lmul
                0x10001f78       0x32 CMakeFiles/pwmCepedi.dir/C_/Users/habib/.pico-sdk/sdk/2.1.0/src/rp2_common/pico_int64_ops/pico_int64_ops_aeabi.S.obj
                0x10001f78                __wrap___aeabi_lmul
 *fill*         0x10001faa        0x2 
 .text.missing_float_func_shim
                0x10001fac        0xc CMakeFiles/pwmCepedi.dir/C_/Users/habib/.pico-sdk/sdk/2.1.0/src/rp2_common/pico_float/float_init_rom_rp2040.c.obj
 .text.__aeabi_float_init
                0x10001fb8       0x5c CMakeFiles/pwmCepedi.dir/C_/Users/habib/.pico-sdk/sdk/2.1.0/src/rp2_common/pico_float/float_init_rom_rp2040.c.obj
                0x10001fb8                __aeabi_float_init
 .text          0x10002014       0x10 CMakeFiles/pwmCepedi.dir/C_/Users/habib/.pico-sdk/sdk/2.1.0/src/rp2_common/pico_mem_ops/mem_ops_aeabi.S.obj
                0x10002014                __aeabi_mem_init
 .text.memset   0x10002024        0xc CMakeFiles/pwmCepedi.dir/C_/Users/habib/.pico-sdk/sdk/2.1.0/src/rp2_common/pico_mem_ops/mem_ops_aeabi.S.obj
                0x10002024                __wrap_memset
 .text.memcpy   0x10002030        0xc CMakeFiles/pwmCepedi.dir/C_/Users/habib/.pico-sdk/sdk/2.1.0/src/rp2_common/pico_mem_ops/mem_ops_aeabi.S.obj
                0x10002030                __wrap_memcpy
                0x10002030                __wrap___aeabi_memcpy
 .text._out_char
                0x1000203c       0x10 CMakeFiles/pwmCepedi.dir/C_/Users/habib/.pico-sdk/sdk/2.1.0/src/rp2_common/pico_printf/printf.c.obj
 .text.weak_raw_vprintf
                0x1000204c       0x30 CMakeFiles/pwmCepedi.dir/C_/Users/habib/.pico-sdk/sdk/2.1.0/src/rp2_common/pico_printf/printf.c.obj
                0x1000204c                weak_raw_vprintf
 .text._exit    0x1000207c        0x4 CMakeFiles/pwmCepedi.dir/C_/Users/habib/.pico-sdk/sdk/2.1.0/src/rp2_common/pico_clib_interface/newlib_interface.c.obj
                0x1000207c                _exit
 .text.exit     0x10002080        0x8 CMakeFiles/pwmCepedi.dir/C_/Users/habib/.pico-sdk/sdk/2.1.0/src/rp2_common/pico_clib_interface/newlib_interface.c.obj
                0x10002080                exit
 .text.runtime_init
                0x10002088       0x2c CMakeFiles/pwmCepedi.dir/C_/Users/habib/.pico-sdk/sdk/2.1.0/src/rp2_common/pico_clib_interface/newlib_interface.c.obj
                0x10002088                runtime_init
 .text.stdio_out_chars_no_crlf
                0x100020b4       0x10 CMakeFiles/pwmCepedi.dir/C_/Users/habib/.pico-sdk/sdk/2.1.0/src/rp2_common/pico_stdio/stdio.c.obj
 .text.stdio_out_chars_crlf
                0x100020c4       0x94 CMakeFiles/pwmCepedi.dir/C_/Users/habib/.pico-sdk/sdk/2.1.0/src/rp2_common/pico_stdio/stdio.c.obj
 .text.stdio_put_string
                0x10002158      0x100 CMakeFiles/pwmCepedi.dir/C_/Users/habib/.pico-sdk/sdk/2.1.0/src/rp2_common/pico_stdio/stdio.c.obj
                0x10002158                stdio_put_string
 .text.stdio_set_driver_enabled
                0x10002258       0x30 CMakeFiles/pwmCepedi.dir/C_/Users/habib/.pico-sdk/sdk/2.1.0/src/rp2_common/pico_stdio/stdio.c.obj
                0x10002258                stdio_set_driver_enabled
 .text.stdio_init_all
                0x10002288       0x10 CMakeFiles/pwmCepedi.dir/C_/Users/habib/.pico-sdk/sdk/2.1.0/src/rp2_common/pico_stdio/stdio.c.obj
                0x10002288                stdio_init_all
 .text.__wrap_putchar
                0x10002298       0x98 CMakeFiles/pwmCepedi.dir/C_/Users/habib/.pico-sdk/sdk/2.1.0/src/rp2_common/pico_stdio/stdio.c.obj
                0x10002298                __wrap_putchar
                0x10002298                stdio_putchar
 .text.__wrap_puts
                0x10002330       0x3c CMakeFiles/pwmCepedi.dir/C_/Users/habib/.pico-sdk/sdk/2.1.0/src/rp2_common/pico_stdio/stdio.c.obj
                0x10002330                stdio_puts
                0x10002330                __wrap_puts
 .text.stdio_uart_out_chars
                0x1000236c       0x4c CMakeFiles/pwmCepedi.dir/C_/Users/habib/.pico-sdk/sdk/2.1.0/src/rp2_common/pico_stdio_uart/stdio_uart.c.obj
 .text.stdio_uart_in_chars
                0x100023b8       0x90 CMakeFiles/pwmCepedi.dir/C_/Users/habib/.pico-sdk/sdk/2.1.0/src/rp2_common/pico_stdio_uart/stdio_uart.c.obj
                0x100023b8                stdio_uart_in_chars
 .text.on_uart_rx
                0x10002448       0x28 CMakeFiles/pwmCepedi.dir/C_/Users/habib/.pico-sdk/sdk/2.1.0/src/rp2_common/pico_stdio_uart/stdio_uart.c.obj
 .text.stdio_uart_out_flush
                0x10002470       0x14 CMakeFiles/pwmCepedi.dir/C_/Users/habib/.pico-sdk/sdk/2.1.0/src/rp2_common/pico_stdio_uart/stdio_uart.c.obj
 .text.stdio_uart_set_chars_available_callback
                0x10002484       0x84 CMakeFiles/pwmCepedi.dir/C_/Users/habib/.pico-sdk/sdk/2.1.0/src/rp2_common/pico_stdio_uart/stdio_uart.c.obj
 .text.stdio_uart_init
                0x10002508       0x50 CMakeFiles/pwmCepedi.dir/C_/Users/habib/.pico-sdk/sdk/2.1.0/src/rp2_common/pico_stdio_uart/stdio_uart.c.obj
                0x10002508                stdio_uart_init
 .text.resetd_init
                0x10002558        0x4 CMakeFiles/pwmCepedi.dir/C_/Users/habib/.pico-sdk/sdk/2.1.0/src/rp2_common/pico_stdio_usb/reset_interface.c.obj
 .text.resetd_reset
                0x1000255c        0xc CMakeFiles/pwmCepedi.dir/C_/Users/habib/.pico-sdk/sdk/2.1.0/src/rp2_common/pico_stdio_usb/reset_interface.c.obj
 .text.resetd_open
                0x10002568       0x28 CMakeFiles/pwmCepedi.dir/C_/Users/habib/.pico-sdk/sdk/2.1.0/src/rp2_common/pico_stdio_usb/reset_interface.c.obj
 .text.resetd_xfer_cb
                0x10002590        0x4 CMakeFiles/pwmCepedi.dir/C_/Users/habib/.pico-sdk/sdk/2.1.0/src/rp2_common/pico_stdio_usb/reset_interface.c.obj
 .text.resetd_control_xfer_cb
                0x10002594       0x5c CMakeFiles/pwmCepedi.dir/C_/Users/habib/.pico-sdk/sdk/2.1.0/src/rp2_common/pico_stdio_usb/reset_interface.c.obj
 .text.tud_descriptor_bos_cb
                0x100025f0        0x8 CMakeFiles/pwmCepedi.dir/C_/Users/habib/.pico-sdk/sdk/2.1.0/src/rp2_common/pico_stdio_usb/reset_interface.c.obj
                0x100025f0                tud_descriptor_bos_cb
 .text.tud_vendor_control_xfer_cb
                0x100025f8       0x34 CMakeFiles/pwmCepedi.dir/C_/Users/habib/.pico-sdk/sdk/2.1.0/src/rp2_common/pico_stdio_usb/reset_interface.c.obj
                0x100025f8                tud_vendor_control_xfer_cb
 .text.usbd_app_driver_get_cb
                0x1000262c        0xc CMakeFiles/pwmCepedi.dir/C_/Users/habib/.pico-sdk/sdk/2.1.0/src/rp2_common/pico_stdio_usb/reset_interface.c.obj
                0x1000262c                usbd_app_driver_get_cb
 .text.tud_cdc_line_coding_cb
                0x10002638       0x2c CMakeFiles/pwmCepedi.dir/C_/Users/habib/.pico-sdk/sdk/2.1.0/src/rp2_common/pico_stdio_usb/reset_interface.c.obj
                0x10002638                tud_cdc_line_coding_cb
 .text.stdio_usb_set_chars_available_callback
                0x10002664       0x14 CMakeFiles/pwmCepedi.dir/C_/Users/habib/.pico-sdk/sdk/2.1.0/src/rp2_common/pico_stdio_usb/stdio_usb.c.obj
                0x10002664                stdio_usb_set_chars_available_callback
 .text.usb_irq  0x10002678       0x10 CMakeFiles/pwmCepedi.dir/C_/Users/habib/.pico-sdk/sdk/2.1.0/src/rp2_common/pico_stdio_usb/stdio_usb.c.obj
 .text.timer_task
                0x10002688       0x64 CMakeFiles/pwmCepedi.dir/C_/Users/habib/.pico-sdk/sdk/2.1.0/src/rp2_common/pico_stdio_usb/stdio_usb.c.obj
 .text.stdio_usb_in_chars
                0x100026ec       0x90 CMakeFiles/pwmCepedi.dir/C_/Users/habib/.pico-sdk/sdk/2.1.0/src/rp2_common/pico_stdio_usb/stdio_usb.c.obj
                0x100026ec                stdio_usb_in_chars
 .text.stdio_usb_out_flush
                0x1000277c       0x50 CMakeFiles/pwmCepedi.dir/C_/Users/habib/.pico-sdk/sdk/2.1.0/src/rp2_common/pico_stdio_usb/stdio_usb.c.obj
 .text.stdio_usb_out_chars
                0x100027cc      0x104 CMakeFiles/pwmCepedi.dir/C_/Users/habib/.pico-sdk/sdk/2.1.0/src/rp2_common/pico_stdio_usb/stdio_usb.c.obj
 .text.low_priority_worker_irq
                0x100028d0       0xcc CMakeFiles/pwmCepedi.dir/C_/Users/habib/.pico-sdk/sdk/2.1.0/src/rp2_common/pico_stdio_usb/stdio_usb.c.obj
 .text.stdio_usb_init
                0x1000299c       0xe8 CMakeFiles/pwmCepedi.dir/C_/Users/habib/.pico-sdk/sdk/2.1.0/src/rp2_common/pico_stdio_usb/stdio_usb.c.obj
                0x1000299c                stdio_usb_init
 .text.tud_descriptor_device_cb
                0x10002a84        0x8 CMakeFiles/pwmCepedi.dir/C_/Users/habib/.pico-sdk/sdk/2.1.0/src/rp2_common/pico_stdio_usb/stdio_usb_descriptors.c.obj
                0x10002a84                tud_descriptor_device_cb
 .text.tud_descriptor_configuration_cb
                0x10002a8c        0x8 CMakeFiles/pwmCepedi.dir/C_/Users/habib/.pico-sdk/sdk/2.1.0/src/rp2_common/pico_stdio_usb/stdio_usb_descriptors.c.obj
                0x10002a8c                tud_descriptor_configuration_cb
 .text.tud_descriptor_string_cb
                0x10002a94       0x78 CMakeFiles/pwmCepedi.dir/C_/Users/habib/.pico-sdk/sdk/2.1.0/src/rp2_common/pico_stdio_usb/stdio_usb_descriptors.c.obj
                0x10002a94                tud_descriptor_string_cb
 .text.startup._retrieve_unique_id_on_boot
                0x10002b0c       0x10 CMakeFiles/pwmCepedi.dir/C_/Users/habib/.pico-sdk/sdk/2.1.0/src/rp2_common/pico_unique_id/unique_id.c.obj
 .text.pico_get_unique_board_id_string
                0x10002b1c      0x1a8 CMakeFiles/pwmCepedi.dir/C_/Users/habib/.pico-sdk/sdk/2.1.0/src/rp2_common/pico_unique_id/unique_id.c.obj
                0x10002b1c                pico_get_unique_board_id_string
 .text.flash_get_unique_id
                0x10002cc4       0x3c CMakeFiles/pwmCepedi.dir/C_/Users/habib/.pico-sdk/sdk/2.1.0/src/rp2_common/hardware_flash/flash.c.obj
                0x10002cc4                flash_get_unique_id
 .text.dcd_init
                0x10002d00       0x8c CMakeFiles/pwmCepedi.dir/C_/Users/habib/.pico-sdk/sdk/2.1.0/lib/tinyusb/src/portable/raspberrypi/rp2040/dcd_rp2040.c.obj
                0x10002d00                dcd_init
 .text.dcd_int_enable
                0x10002d8c        0xc CMakeFiles/pwmCepedi.dir/C_/Users/habib/.pico-sdk/sdk/2.1.0/lib/tinyusb/src/portable/raspberrypi/rp2040/dcd_rp2040.c.obj
                0x10002d8c                dcd_int_enable
 .text.dcd_set_address
                0x10002d98       0x14 CMakeFiles/pwmCepedi.dir/C_/Users/habib/.pico-sdk/sdk/2.1.0/lib/tinyusb/src/portable/raspberrypi/rp2040/dcd_rp2040.c.obj
                0x10002d98                dcd_set_address
 .text.dcd_sof_enable
                0x10002dac       0x1c CMakeFiles/pwmCepedi.dir/C_/Users/habib/.pico-sdk/sdk/2.1.0/lib/tinyusb/src/portable/raspberrypi/rp2040/dcd_rp2040.c.obj
                0x10002dac                dcd_sof_enable
 .text.dcd_edpt0_status_complete
                0x10002dc8       0x1c CMakeFiles/pwmCepedi.dir/C_/Users/habib/.pico-sdk/sdk/2.1.0/lib/tinyusb/src/portable/raspberrypi/rp2040/dcd_rp2040.c.obj
                0x10002dc8                dcd_edpt0_status_complete
 .text.dcd_edpt_open
                0x10002de4      0x108 CMakeFiles/pwmCepedi.dir/C_/Users/habib/.pico-sdk/sdk/2.1.0/lib/tinyusb/src/portable/raspberrypi/rp2040/dcd_rp2040.c.obj
                0x10002de4                dcd_edpt_open
 .text.dcd_edpt_close_all
                0x10002eec        0x8 CMakeFiles/pwmCepedi.dir/C_/Users/habib/.pico-sdk/sdk/2.1.0/lib/tinyusb/src/portable/raspberrypi/rp2040/dcd_rp2040.c.obj
                0x10002eec                dcd_edpt_close_all
 .text.dcd_edpt_xfer
                0x10002ef4       0x24 CMakeFiles/pwmCepedi.dir/C_/Users/habib/.pico-sdk/sdk/2.1.0/lib/tinyusb/src/portable/raspberrypi/rp2040/dcd_rp2040.c.obj
                0x10002ef4                dcd_edpt_xfer
 .text.dcd_edpt_stall
                0x10002f18       0x34 CMakeFiles/pwmCepedi.dir/C_/Users/habib/.pico-sdk/sdk/2.1.0/lib/tinyusb/src/portable/raspberrypi/rp2040/dcd_rp2040.c.obj
                0x10002f18                dcd_edpt_stall
 .text.dcd_edpt_clear_stall
                0x10002f4c       0x30 CMakeFiles/pwmCepedi.dir/C_/Users/habib/.pico-sdk/sdk/2.1.0/lib/tinyusb/src/portable/raspberrypi/rp2040/dcd_rp2040.c.obj
                0x10002f4c                dcd_edpt_clear_stall
 .text.rp2040_usb_init
                0x10002f7c       0x40 CMakeFiles/pwmCepedi.dir/C_/Users/habib/.pico-sdk/sdk/2.1.0/lib/tinyusb/src/portable/raspberrypi/rp2040/rp2040_usb.c.obj
                0x10002f7c                rp2040_usb_init
 .text.hw_endpoint_xfer_start
                0x10002fbc       0x40 CMakeFiles/pwmCepedi.dir/C_/Users/habib/.pico-sdk/sdk/2.1.0/lib/tinyusb/src/portable/raspberrypi/rp2040/rp2040_usb.c.obj
                0x10002fbc                hw_endpoint_xfer_start
 .text.tud_event_hook_cb
                0x10002ffc        0x4 CMakeFiles/pwmCepedi.dir/C_/Users/habib/.pico-sdk/sdk/2.1.0/lib/tinyusb/src/device/usbd.c.obj
                0x10002ffc                tud_event_hook_cb
 .text.tud_sof_cb
                0x10003000        0x4 CMakeFiles/pwmCepedi.dir/C_/Users/habib/.pico-sdk/sdk/2.1.0/lib/tinyusb/src/device/usbd.c.obj
                0x10003000                tud_sof_cb
 .text.tud_descriptor_device_qualifier_cb
                0x10003004        0x4 CMakeFiles/pwmCepedi.dir/C_/Users/habib/.pico-sdk/sdk/2.1.0/lib/tinyusb/src/device/usbd.c.obj
                0x10003004                tud_descriptor_device_qualifier_cb
 .text.tud_descriptor_other_speed_configuration_cb
                0x10003008        0x4 CMakeFiles/pwmCepedi.dir/C_/Users/habib/.pico-sdk/sdk/2.1.0/lib/tinyusb/src/device/usbd.c.obj
                0x10003008                tud_descriptor_other_speed_configuration_cb
 .text.tud_mount_cb
                0x1000300c        0x4 CMakeFiles/pwmCepedi.dir/C_/Users/habib/.pico-sdk/sdk/2.1.0/lib/tinyusb/src/device/usbd.c.obj
                0x1000300c                tud_mount_cb
 .text.tud_umount_cb
                0x10003010        0x4 CMakeFiles/pwmCepedi.dir/C_/Users/habib/.pico-sdk/sdk/2.1.0/lib/tinyusb/src/device/usbd.c.obj
                0x10003010                tud_umount_cb
 .text.tud_suspend_cb
                0x10003014        0x4 CMakeFiles/pwmCepedi.dir/C_/Users/habib/.pico-sdk/sdk/2.1.0/lib/tinyusb/src/device/usbd.c.obj
                0x10003014                tud_suspend_cb
 .text.tud_resume_cb
                0x10003018        0x4 CMakeFiles/pwmCepedi.dir/C_/Users/habib/.pico-sdk/sdk/2.1.0/lib/tinyusb/src/device/usbd.c.obj
                0x10003018                tud_resume_cb
 .text.tud_mounted
                0x1000301c       0x10 CMakeFiles/pwmCepedi.dir/C_/Users/habib/.pico-sdk/sdk/2.1.0/lib/tinyusb/src/device/usbd.c.obj
                0x1000301c                tud_mounted
 .text.tud_suspended
                0x1000302c       0x10 CMakeFiles/pwmCepedi.dir/C_/Users/habib/.pico-sdk/sdk/2.1.0/lib/tinyusb/src/device/usbd.c.obj
                0x1000302c                tud_suspended
 .text.tud_init
                0x1000303c       0xe4 CMakeFiles/pwmCepedi.dir/C_/Users/habib/.pico-sdk/sdk/2.1.0/lib/tinyusb/src/device/usbd.c.obj
                0x1000303c                tud_init
 .text.tud_task_ext
                0x10003120      0x800 CMakeFiles/pwmCepedi.dir/C_/Users/habib/.pico-sdk/sdk/2.1.0/lib/tinyusb/src/device/usbd.c.obj
                0x10003120                tud_task_ext
 .text.usbd_open_edpt_pair
                0x10003920       0x9c CMakeFiles/pwmCepedi.dir/C_/Users/habib/.pico-sdk/sdk/2.1.0/lib/tinyusb/src/device/usbd.c.obj
                0x10003920                usbd_open_edpt_pair
 .text.usbd_edpt_open
                0x100039bc       0x34 CMakeFiles/pwmCepedi.dir/C_/Users/habib/.pico-sdk/sdk/2.1.0/lib/tinyusb/src/device/usbd.c.obj
                0x100039bc                usbd_edpt_open
 .text.usbd_edpt_claim
                0x100039f0       0x28 CMakeFiles/pwmCepedi.dir/C_/Users/habib/.pico-sdk/sdk/2.1.0/lib/tinyusb/src/device/usbd.c.obj
                0x100039f0                usbd_edpt_claim
 .text.usbd_edpt_release
                0x10003a18       0x28 CMakeFiles/pwmCepedi.dir/C_/Users/habib/.pico-sdk/sdk/2.1.0/lib/tinyusb/src/device/usbd.c.obj
                0x10003a18                usbd_edpt_release
 .text.usbd_edpt_xfer
                0x10003a40       0x4c CMakeFiles/pwmCepedi.dir/C_/Users/habib/.pico-sdk/sdk/2.1.0/lib/tinyusb/src/device/usbd.c.obj
                0x10003a40                usbd_edpt_xfer
 .text.tud_control_status
                0x10003a8c       0x2c CMakeFiles/pwmCepedi.dir/C_/Users/habib/.pico-sdk/sdk/2.1.0/lib/tinyusb/src/device/usbd_control.c.obj
                0x10003a8c                tud_control_status
 .text.tud_control_xfer
                0x10003ab8       0xac CMakeFiles/pwmCepedi.dir/C_/Users/habib/.pico-sdk/sdk/2.1.0/lib/tinyusb/src/device/usbd_control.c.obj
                0x10003ab8                tud_control_xfer
 .text.usbd_control_reset
                0x10003b64       0x14 CMakeFiles/pwmCepedi.dir/C_/Users/habib/.pico-sdk/sdk/2.1.0/lib/tinyusb/src/device/usbd_control.c.obj
                0x10003b64                usbd_control_reset
 .text.usbd_control_set_complete_callback
                0x10003b78        0xc CMakeFiles/pwmCepedi.dir/C_/Users/habib/.pico-sdk/sdk/2.1.0/lib/tinyusb/src/device/usbd_control.c.obj
                0x10003b78                usbd_control_set_complete_callback
 .text.usbd_control_set_request
                0x10003b84       0x1c CMakeFiles/pwmCepedi.dir/C_/Users/habib/.pico-sdk/sdk/2.1.0/lib/tinyusb/src/device/usbd_control.c.obj
                0x10003b84                usbd_control_set_request
 .text.usbd_control_xfer_cb
                0x10003ba0       0xec CMakeFiles/pwmCepedi.dir/C_/Users/habib/.pico-sdk/sdk/2.1.0/lib/tinyusb/src/device/usbd_control.c.obj
                0x10003ba0                usbd_control_xfer_cb
 .text._prep_out_transaction.isra.0
                0x10003c8c       0x5c CMakeFiles/pwmCepedi.dir/C_/Users/habib/.pico-sdk/sdk/2.1.0/lib/tinyusb/src/class/cdc/cdc_device.c.obj
 .text.tud_cdc_n_connected
                0x10003ce8       0x30 CMakeFiles/pwmCepedi.dir/C_/Users/habib/.pico-sdk/sdk/2.1.0/lib/tinyusb/src/class/cdc/cdc_device.c.obj
                0x10003ce8                tud_cdc_n_connected
 .text.tud_cdc_n_available
                0x10003d18       0x18 CMakeFiles/pwmCepedi.dir/C_/Users/habib/.pico-sdk/sdk/2.1.0/lib/tinyusb/src/class/cdc/cdc_device.c.obj
                0x10003d18                tud_cdc_n_available
 .text.tud_cdc_n_read
                0x10003d30       0x98 CMakeFiles/pwmCepedi.dir/C_/Users/habib/.pico-sdk/sdk/2.1.0/lib/tinyusb/src/class/cdc/cdc_device.c.obj
                0x10003d30                tud_cdc_n_read
 .text.tud_cdc_n_write_flush
                0x10003dc8       0x78 CMakeFiles/pwmCepedi.dir/C_/Users/habib/.pico-sdk/sdk/2.1.0/lib/tinyusb/src/class/cdc/cdc_device.c.obj
                0x10003dc8                tud_cdc_n_write_flush
 .text.tud_cdc_n_write
                0x10003e40       0x40 CMakeFiles/pwmCepedi.dir/C_/Users/habib/.pico-sdk/sdk/2.1.0/lib/tinyusb/src/class/cdc/cdc_device.c.obj
                0x10003e40                tud_cdc_n_write
 .text.tud_cdc_n_write_available
                0x10003e80       0x18 CMakeFiles/pwmCepedi.dir/C_/Users/habib/.pico-sdk/sdk/2.1.0/lib/tinyusb/src/class/cdc/cdc_device.c.obj
                0x10003e80                tud_cdc_n_write_available
 .text.cdcd_init
                0x10003e98       0x7c CMakeFiles/pwmCepedi.dir/C_/Users/habib/.pico-sdk/sdk/2.1.0/lib/tinyusb/src/class/cdc/cdc_device.c.obj
                0x10003e98                cdcd_init
 .text.cdcd_deinit
                0x10003f14       0x34 CMakeFiles/pwmCepedi.dir/C_/Users/habib/.pico-sdk/sdk/2.1.0/lib/tinyusb/src/class/cdc/cdc_device.c.obj
                0x10003f14                cdcd_deinit
 .text.cdcd_reset
                0x10003f48       0x4c CMakeFiles/pwmCepedi.dir/C_/Users/habib/.pico-sdk/sdk/2.1.0/lib/tinyusb/src/class/cdc/cdc_device.c.obj
                0x10003f48                cdcd_reset
 .text.cdcd_open
                0x10003f94       0xb0 CMakeFiles/pwmCepedi.dir/C_/Users/habib/.pico-sdk/sdk/2.1.0/lib/tinyusb/src/class/cdc/cdc_device.c.obj
                0x10003f94                cdcd_open
 .text.cdcd_control_xfer_cb
                0x10004044       0xe4 CMakeFiles/pwmCepedi.dir/C_/Users/habib/.pico-sdk/sdk/2.1.0/lib/tinyusb/src/class/cdc/cdc_device.c.obj
                0x10004044                cdcd_control_xfer_cb
 .text.cdcd_xfer_cb
                0x10004128      0x100 CMakeFiles/pwmCepedi.dir/C_/Users/habib/.pico-sdk/sdk/2.1.0/lib/tinyusb/src/class/cdc/cdc_device.c.obj
                0x10004128                cdcd_xfer_cb
 .text.vendord_init
                0x10004228       0x5c CMakeFiles/pwmCepedi.dir/C_/Users/habib/.pico-sdk/sdk/2.1.0/lib/tinyusb/src/class/vendor/vendor_device.c.obj
                0x10004228                vendord_init
 .text.vendord_deinit
                0x10004284       0x1c CMakeFiles/pwmCepedi.dir/C_/Users/habib/.pico-sdk/sdk/2.1.0/lib/tinyusb/src/class/vendor/vendor_device.c.obj
                0x10004284                vendord_deinit
 .text.vendord_reset
                0x100042a0       0x20 CMakeFiles/pwmCepedi.dir/C_/Users/habib/.pico-sdk/sdk/2.1.0/lib/tinyusb/src/class/vendor/vendor_device.c.obj
                0x100042a0                vendord_reset
 .text.vendord_open
                0x100042c0      0x138 CMakeFiles/pwmCepedi.dir/C_/Users/habib/.pico-sdk/sdk/2.1.0/lib/tinyusb/src/class/vendor/vendor_device.c.obj
                0x100042c0                vendord_open
 .text.vendord_xfer_cb
                0x100043f8       0x9c CMakeFiles/pwmCepedi.dir/C_/Users/habib/.pico-sdk/sdk/2.1.0/lib/tinyusb/src/class/vendor/vendor_device.c.obj
                0x100043f8                vendord_xfer_cb
 .text.tusb_init
                0x10004494        0xc CMakeFiles/pwmCepedi.dir/C_/Users/habib/.pico-sdk/sdk/2.1.0/lib/tinyusb/src/tusb.c.obj
                0x10004494                tusb_init
 .text.tu_edpt_claim
                0x100044a0       0x50 CMakeFiles/pwmCepedi.dir/C_/Users/habib/.pico-sdk/sdk/2.1.0/lib/tinyusb/src/tusb.c.obj
                0x100044a0                tu_edpt_claim
 .text.tu_edpt_release
                0x100044f0       0x38 CMakeFiles/pwmCepedi.dir/C_/Users/habib/.pico-sdk/sdk/2.1.0/lib/tinyusb/src/tusb.c.obj
                0x100044f0                tu_edpt_release
 .text.tu_edpt_validate
                0x10004528       0x7c CMakeFiles/pwmCepedi.dir/C_/Users/habib/.pico-sdk/sdk/2.1.0/lib/tinyusb/src/tusb.c.obj
                0x10004528                tu_edpt_validate
 .text.tu_edpt_bind_driver
                0x100045a4       0x34 CMakeFiles/pwmCepedi.dir/C_/Users/habib/.pico-sdk/sdk/2.1.0/lib/tinyusb/src/tusb.c.obj
                0x100045a4                tu_edpt_bind_driver
 .text.tu_edpt_stream_init
                0x100045d8       0x6c CMakeFiles/pwmCepedi.dir/C_/Users/habib/.pico-sdk/sdk/2.1.0/lib/tinyusb/src/tusb.c.obj
                0x100045d8                tu_edpt_stream_init
 .text.tu_edpt_stream_deinit
                0x10004644        0x4 CMakeFiles/pwmCepedi.dir/C_/Users/habib/.pico-sdk/sdk/2.1.0/lib/tinyusb/src/tusb.c.obj
                0x10004644                tu_edpt_stream_deinit
 .text.tu_edpt_stream_write_zlp_if_needed
                0x10004648       0x68 CMakeFiles/pwmCepedi.dir/C_/Users/habib/.pico-sdk/sdk/2.1.0/lib/tinyusb/src/tusb.c.obj
                0x10004648                tu_edpt_stream_write_zlp_if_needed
 .text.tu_edpt_stream_write_xfer
                0x100046b0       0x64 CMakeFiles/pwmCepedi.dir/C_/Users/habib/.pico-sdk/sdk/2.1.0/lib/tinyusb/src/tusb.c.obj
                0x100046b0                tu_edpt_stream_write_xfer
 .text.tu_edpt_stream_read_xfer
                0x10004714       0xdc CMakeFiles/pwmCepedi.dir/C_/Users/habib/.pico-sdk/sdk/2.1.0/lib/tinyusb/src/tusb.c.obj
                0x10004714                tu_edpt_stream_read_xfer
 .text.tu_fifo_config
                0x100047f0       0x6c CMakeFiles/pwmCepedi.dir/C_/Users/habib/.pico-sdk/sdk/2.1.0/lib/tinyusb/src/common/tusb_fifo.c.obj
                0x100047f0                tu_fifo_config
 .text.tu_fifo_count
                0x1000485c       0x2c CMakeFiles/pwmCepedi.dir/C_/Users/habib/.pico-sdk/sdk/2.1.0/lib/tinyusb/src/common/tusb_fifo.c.obj
                0x1000485c                tu_fifo_count
 .text.tu_fifo_empty
                0x10004888       0x10 CMakeFiles/pwmCepedi.dir/C_/Users/habib/.pico-sdk/sdk/2.1.0/lib/tinyusb/src/common/tusb_fifo.c.obj
                0x10004888                tu_fifo_empty
 .text.tu_fifo_remaining
                0x10004898       0x2c CMakeFiles/pwmCepedi.dir/C_/Users/habib/.pico-sdk/sdk/2.1.0/lib/tinyusb/src/common/tusb_fifo.c.obj
                0x10004898                tu_fifo_remaining
 .text.tu_fifo_read
                0x100048c4       0x9c CMakeFiles/pwmCepedi.dir/C_/Users/habib/.pico-sdk/sdk/2.1.0/lib/tinyusb/src/common/tusb_fifo.c.obj
                0x100048c4                tu_fifo_read
 .text.tu_fifo_read_n
                0x10004960       0xe8 CMakeFiles/pwmCepedi.dir/C_/Users/habib/.pico-sdk/sdk/2.1.0/lib/tinyusb/src/common/tusb_fifo.c.obj
                0x10004960                tu_fifo_read_n
 .text.tu_fifo_write
                0x10004a48       0xa8 CMakeFiles/pwmCepedi.dir/C_/Users/habib/.pico-sdk/sdk/2.1.0/lib/tinyusb/src/common/tusb_fifo.c.obj
                0x10004a48                tu_fifo_write
 .text.tu_fifo_write_n
                0x10004af0      0x178 CMakeFiles/pwmCepedi.dir/C_/Users/habib/.pico-sdk/sdk/2.1.0/lib/tinyusb/src/common/tusb_fifo.c.obj
                0x10004af0                tu_fifo_write_n
 .text.tu_fifo_clear
                0x10004c68       0x40 CMakeFiles/pwmCepedi.dir/C_/Users/habib/.pico-sdk/sdk/2.1.0/lib/tinyusb/src/common/tusb_fifo.c.obj
                0x10004c68                tu_fifo_clear
 .text.tu_fifo_set_overwritable
                0x10004ca8       0x48 CMakeFiles/pwmCepedi.dir/C_/Users/habib/.pico-sdk/sdk/2.1.0/lib/tinyusb/src/common/tusb_fifo.c.obj
                0x10004ca8                tu_fifo_set_overwritable
 .text.strlen   0x10004cf0       0x5c C:/Users/habib/.pico-sdk/toolchain/13_3_Rel1/bin/../lib/gcc/arm-none-eabi/13.3.1/thumb/v6-m/nofp\libg.a(libc_a-strlen-stub.o)
                0x10004cf0                strlen
 *(.fini)
 .fini          0x10004d4c        0x4 C:/Users/habib/.pico-sdk/toolchain/13_3_Rel1/bin/../lib/gcc/arm-none-eabi/13.3.1/thumb/v6-m/nofp/crti.o
                0x10004d4c                _fini
 .fini.__stub   0x10004d50       0xb0 linker stubs
 *crtbegin.o(.ctors)
 *crtbegin?.o(.ctors)
 *(EXCLUDE_FILE(*crtend.o *crtend?.o) .ctors)
 *(SORT_BY_NAME(.ctors.*))
 *(.ctors)
 *crtbegin.o(.dtors)
 *crtbegin?.o(.dtors)
 *(EXCLUDE_FILE(*crtend.o *crtend?.o) .dtors)
 *(SORT_BY_NAME(.dtors.*))
 *(.dtors)
                0x10004e00                        . = ALIGN (0x4)
                0x10004e00                        PROVIDE (__preinit_array_start = .)
 *(SORT_BY_NAME(.preinit_array.*))
 .preinit_array.00100
                0x10004e00        0x4 CMakeFiles/pwmCepedi.dir/C_/Users/habib/.pico-sdk/sdk/2.1.0/src/rp2_common/pico_runtime_init/runtime_init.c.obj
                0x10004e00                __pre_init_runtime_init_early_resets
 .preinit_array.00101
                0x10004e04        0x4 CMakeFiles/pwmCepedi.dir/C_/Users/habib/.pico-sdk/sdk/2.1.0/src/rp2_common/pico_runtime_init/runtime_init.c.obj
                0x10004e04                __pre_init_runtime_init_usb_power_down
 .preinit_array.00275
                0x10004e08        0x4 CMakeFiles/pwmCepedi.dir/C_/Users/habib/.pico-sdk/sdk/2.1.0/src/rp2_common/pico_bit_ops/bit_ops_aeabi.S.obj
 .preinit_array.00300
                0x10004e0c        0x4 CMakeFiles/pwmCepedi.dir/C_/Users/habib/.pico-sdk/sdk/2.1.0/src/rp2_common/pico_mem_ops/mem_ops_aeabi.S.obj
 .preinit_array.00350
                0x10004e10        0x4 CMakeFiles/pwmCepedi.dir/C_/Users/habib/.pico-sdk/sdk/2.1.0/src/rp2_common/pico_double/double_aeabi_rp2040.S.obj
 .preinit_array.00350
                0x10004e14        0x4 CMakeFiles/pwmCepedi.dir/C_/Users/habib/.pico-sdk/sdk/2.1.0/src/rp2_common/pico_float/float_aeabi_rp2040.S.obj
 .preinit_array.00500
                0x10004e18        0x4 CMakeFiles/pwmCepedi.dir/C_/Users/habib/.pico-sdk/sdk/2.1.0/src/rp2_common/pico_runtime_init/runtime_init.c.obj
                0x10004e18                __pre_init_runtime_init_clocks
 .preinit_array.00600
                0x10004e1c        0x4 CMakeFiles/pwmCepedi.dir/C_/Users/habib/.pico-sdk/sdk/2.1.0/src/rp2_common/pico_runtime_init/runtime_init.c.obj
                0x10004e1c                __pre_init_runtime_init_post_clock_resets
 .preinit_array.00700
                0x10004e20        0x4 CMakeFiles/pwmCepedi.dir/C_/Users/habib/.pico-sdk/sdk/2.1.0/src/rp2_common/pico_runtime_init/runtime_init.c.obj
                0x10004e20                __pre_init_runtime_init_rp2040_gpio_ie_disable
 .preinit_array.01000
                0x10004e24        0x4 CMakeFiles/pwmCepedi.dir/C_/Users/habib/.pico-sdk/sdk/2.1.0/src/rp2_common/pico_runtime_init/runtime_init.c.obj
                0x10004e24                __pre_init_runtime_init_spin_locks_reset
 .preinit_array.01100
                0x10004e28        0x4 CMakeFiles/pwmCepedi.dir/C_/Users/habib/.pico-sdk/sdk/2.1.0/src/common/pico_sync/mutex.c.obj
                0x10004e28                __pre_init_runtime_init_mutex
 .preinit_array.10080
                0x10004e2c        0x4 CMakeFiles/pwmCepedi.dir/C_/Users/habib/.pico-sdk/sdk/2.1.0/src/rp2_common/pico_runtime_init/runtime_init.c.obj
                0x10004e2c                __pre_init_runtime_init_install_ram_vector_table
 .preinit_array.11000
                0x10004e30        0x4 CMakeFiles/pwmCepedi.dir/C_/Users/habib/.pico-sdk/sdk/2.1.0/src/common/pico_time/time.c.obj
                0x10004e30                __pre_init_runtime_init_default_alarm_pool
 .preinit_array.YYYYY
                0x10004e34        0x4 CMakeFiles/pwmCepedi.dir/C_/Users/habib/.pico-sdk/sdk/2.1.0/src/rp2_common/pico_runtime/runtime.c.obj
                0x10004e34                __pre_init_first_per_core_initializer
 .preinit_array.ZZZZZ.01200
                0x10004e38        0x4 CMakeFiles/pwmCepedi.dir/C_/Users/habib/.pico-sdk/sdk/2.1.0/src/rp2_common/hardware_irq/irq.c.obj
                0x10004e38                __pre_init_runtime_init_per_core_irq_priorities
 *(.preinit_array)
                0x10004e3c                        PROVIDE (__preinit_array_end = .)
                0x10004e3c                        . = ALIGN (0x4)
                0x10004e3c                        PROVIDE (__init_array_start = .)
 *(SORT_BY_NAME(.init_array.*))
 *(.init_array)
 .init_array    0x10004e3c        0x4 C:/Users/habib/.pico-sdk/toolchain/13_3_Rel1/bin/../lib/gcc/arm-none-eabi/13.3.1/thumb/v6-m/nofp/crtbegin.o
 .init_array    0x10004e40        0x4 CMakeFiles/pwmCepedi.dir/C_/Users/habib/.pico-sdk/sdk/2.1.0/src/rp2_common/pico_unique_id/unique_id.c.obj
                0x10004e44                        PROVIDE (__init_array_end = .)
                0x10004e44                        . = ALIGN (0x4)
                [!provide]                        PROVIDE (__fini_array_start = .)
 *(SORT_BY_NAME(.fini_array.*))
 *(.fini_array)
                [!provide]                        PROVIDE (__fini_array_end = .)
 *(.eh_frame*)
 .eh_frame      0x10004e44        0x0 C:/Users/habib/.pico-sdk/toolchain/13_3_Rel1/bin/../lib/gcc/arm-none-eabi/13.3.1/thumb/v6-m/nofp/crtbegin.o
                0x10004e44                        . = ALIGN (0x4)

.glue_7         0x10004e44        0x0
 .glue_7        0x10004e44        0x0 linker stubs

.glue_7t        0x10004e44        0x0
 .glue_7t       0x10004e44        0x0 linker stubs

.vfp11_veneer   0x10004e44        0x0
 .vfp11_veneer  0x10004e44        0x0 linker stubs

.v4_bx          0x10004e44        0x0
 .v4_bx         0x10004e44        0x0 linker stubs

.iplt           0x10004e44        0x0
 .iplt          0x10004e44        0x0 C:/Users/habib/.pico-sdk/toolchain/13_3_Rel1/bin/../lib/gcc/arm-none-eabi/13.3.1/thumb/v6-m/nofp/crtbegin.o

.rodata         0x10004e44      0x4c0
 *(EXCLUDE_FILE(*libm.a: *libc.a:*lib_a-mem*.o *libgcc.a:) .rodata*)
 .rodata.main.str1.4
                0x10004e44      0x1e0 CMakeFiles/pwmCepedi.dir/pwmCepedi.c.obj
                                 0x3d (size before relaxing)
 .rodata.panic.str1.4
                0x10005024       0x12 CMakeFiles/pwmCepedi.dir/C_/Users/habib/.pico-sdk/sdk/2.1.0/src/rp2_common/pico_platform_panic/panic.c.obj
 .rodata.spin_lock_claim_unused.str1.4
                0x10005024       0x1b CMakeFiles/pwmCepedi.dir/C_/Users/habib/.pico-sdk/sdk/2.1.0/src/rp2_common/hardware_sync/sync.c.obj
 .rodata.user_irq_claim_unused.str1.4
                0x10005024       0x1b CMakeFiles/pwmCepedi.dir/C_/Users/habib/.pico-sdk/sdk/2.1.0/src/rp2_common/hardware_irq/irq.c.obj
 .rodata.timer_hardware_alarm_claim.str1.4
                0x10005024       0x22 CMakeFiles/pwmCepedi.dir/C_/Users/habib/.pico-sdk/sdk/2.1.0/src/rp2_common/hardware_timer/timer.c.obj
 .rodata.hard_assertion_failure.str1.4
                0x10005024        0xc CMakeFiles/pwmCepedi.dir/C_/Users/habib/.pico-sdk/sdk/2.1.0/src/rp2_common/pico_runtime/runtime.c.obj
 .rodata.missing_double_func_shim.str1.4
                0x10005024       0x18 CMakeFiles/pwmCepedi.dir/C_/Users/habib/.pico-sdk/sdk/2.1.0/src/rp2_common/pico_double/double_init_rom_rp2040.c.obj
 .rodata.missing_float_func_shim.str1.4
                0x10005024        0x1 CMakeFiles/pwmCepedi.dir/C_/Users/habib/.pico-sdk/sdk/2.1.0/src/rp2_common/pico_float/float_init_rom_rp2040.c.obj
 .rodata.str1.4
                0x10005024       0x44 CMakeFiles/pwmCepedi.dir/C_/Users/habib/.pico-sdk/sdk/2.1.0/src/rp2_common/pico_standard_binary_info/standard_binary_info.c.obj
 .rodata.__bi_84
                0x10005024        0xc CMakeFiles/pwmCepedi.dir/C_/Users/habib/.pico-sdk/sdk/2.1.0/src/rp2_common/pico_standard_binary_info/standard_binary_info.c.obj
 .rodata.__bi_78
                0x10005030        0xc CMakeFiles/pwmCepedi.dir/C_/Users/habib/.pico-sdk/sdk/2.1.0/src/rp2_common/pico_standard_binary_info/standard_binary_info.c.obj
 .rodata.__bi_60
                0x1000503c        0xc CMakeFiles/pwmCepedi.dir/C_/Users/habib/.pico-sdk/sdk/2.1.0/src/rp2_common/pico_standard_binary_info/standard_binary_info.c.obj
 .rodata.__bi_54
                0x10005048        0xc CMakeFiles/pwmCepedi.dir/C_/Users/habib/.pico-sdk/sdk/2.1.0/src/rp2_common/pico_standard_binary_info/standard_binary_info.c.obj
 .rodata.__bi_48
                0x10005054        0xc CMakeFiles/pwmCepedi.dir/C_/Users/habib/.pico-sdk/sdk/2.1.0/src/rp2_common/pico_standard_binary_info/standard_binary_info.c.obj
 .rodata.__bi_42
                0x10005060        0xc CMakeFiles/pwmCepedi.dir/C_/Users/habib/.pico-sdk/sdk/2.1.0/src/rp2_common/pico_standard_binary_info/standard_binary_info.c.obj
 .rodata.__bi_34
                0x1000506c        0xc CMakeFiles/pwmCepedi.dir/C_/Users/habib/.pico-sdk/sdk/2.1.0/src/rp2_common/pico_standard_binary_info/standard_binary_info.c.obj
 .rodata.__bi_26
                0x10005078        0xc CMakeFiles/pwmCepedi.dir/C_/Users/habib/.pico-sdk/sdk/2.1.0/src/rp2_common/pico_standard_binary_info/standard_binary_info.c.obj
 .rodata.crlf_str.0
                0x10005084        0x2 CMakeFiles/pwmCepedi.dir/C_/Users/habib/.pico-sdk/sdk/2.1.0/src/rp2_common/pico_stdio/stdio.c.obj
 .rodata.str1.4
                0x10005086       0x2c CMakeFiles/pwmCepedi.dir/C_/Users/habib/.pico-sdk/sdk/2.1.0/src/rp2_common/pico_stdio_uart/stdio_uart.c.obj
 *fill*         0x10005086        0x2 
 .rodata.__bi_45.4
                0x10005088        0xc CMakeFiles/pwmCepedi.dir/C_/Users/habib/.pico-sdk/sdk/2.1.0/src/rp2_common/pico_stdio_uart/stdio_uart.c.obj
 .rodata.__bi_49.5
                0x10005094        0x8 CMakeFiles/pwmCepedi.dir/C_/Users/habib/.pico-sdk/sdk/2.1.0/src/rp2_common/pico_stdio_uart/stdio_uart.c.obj
 .rodata.__bi_50.6
                0x1000509c        0x8 CMakeFiles/pwmCepedi.dir/C_/Users/habib/.pico-sdk/sdk/2.1.0/src/rp2_common/pico_stdio_uart/stdio_uart.c.obj
 .rodata._resetd_driver
                0x100050a4       0x20 CMakeFiles/pwmCepedi.dir/C_/Users/habib/.pico-sdk/sdk/2.1.0/src/rp2_common/pico_stdio_usb/reset_interface.c.obj
 .rodata.desc_ms_os_20
                0x100050c4       0xa6 CMakeFiles/pwmCepedi.dir/C_/Users/habib/.pico-sdk/sdk/2.1.0/src/rp2_common/pico_stdio_usb/reset_interface.c.obj
 *fill*         0x1000516a        0x2 
 .rodata.desc_bos
                0x1000516c       0x21 CMakeFiles/pwmCepedi.dir/C_/Users/habib/.pico-sdk/sdk/2.1.0/src/rp2_common/pico_stdio_usb/reset_interface.c.obj
                0x1000516c                desc_bos
 .rodata.str1.4
                0x1000518d       0x13 CMakeFiles/pwmCepedi.dir/C_/Users/habib/.pico-sdk/sdk/2.1.0/src/rp2_common/pico_stdio_usb/stdio_usb.c.obj
 *fill*         0x1000518d        0x3 
 .rodata.__bi_197.0
                0x10005190        0xc CMakeFiles/pwmCepedi.dir/C_/Users/habib/.pico-sdk/sdk/2.1.0/src/rp2_common/pico_stdio_usb/stdio_usb.c.obj
 .rodata.str1.4
                0x1000519c       0x2a CMakeFiles/pwmCepedi.dir/C_/Users/habib/.pico-sdk/sdk/2.1.0/src/rp2_common/pico_stdio_usb/stdio_usb_descriptors.c.obj
 .rodata.usbd_desc_str
                0x1000519c       0x18 CMakeFiles/pwmCepedi.dir/C_/Users/habib/.pico-sdk/sdk/2.1.0/src/rp2_common/pico_stdio_usb/stdio_usb_descriptors.c.obj
 .rodata.usbd_desc_cfg
                0x100051b4       0x54 CMakeFiles/pwmCepedi.dir/C_/Users/habib/.pico-sdk/sdk/2.1.0/src/rp2_common/pico_stdio_usb/stdio_usb_descriptors.c.obj
 .rodata.usbd_desc_device
                0x10005208       0x12 CMakeFiles/pwmCepedi.dir/C_/Users/habib/.pico-sdk/sdk/2.1.0/src/rp2_common/pico_stdio_usb/stdio_usb_descriptors.c.obj
 .rodata.str1.4
                0x1000521a       0x14 CMakeFiles/pwmCepedi.dir/C_/Users/habib/.pico-sdk/sdk/2.1.0/lib/tinyusb/src/portable/raspberrypi/rp2040/dcd_rp2040.c.obj
 .rodata.str1.4
                0x1000521a       0x48 CMakeFiles/pwmCepedi.dir/C_/Users/habib/.pico-sdk/sdk/2.1.0/lib/tinyusb/src/portable/raspberrypi/rp2040/rp2040_usb.c.obj
 *fill*         0x1000521a        0x2 
 .rodata.tud_task_ext
                0x1000521c       0x8c CMakeFiles/pwmCepedi.dir/C_/Users/habib/.pico-sdk/sdk/2.1.0/lib/tinyusb/src/device/usbd.c.obj
 .rodata        0x100052a8       0x1c CMakeFiles/pwmCepedi.dir/C_/Users/habib/.pico-sdk/sdk/2.1.0/lib/tinyusb/src/device/usbd.c.obj
 .rodata._usbd_driver
                0x100052c4       0x40 CMakeFiles/pwmCepedi.dir/C_/Users/habib/.pico-sdk/sdk/2.1.0/lib/tinyusb/src/device/usbd.c.obj
                0x10005304                        . = ALIGN (0x4)
 *(SORT_BY_ALIGNMENT(SORT_BY_NAME(.flashdata*)))
                0x10005304                        . = ALIGN (0x4)

.ARM.extab
 *(.ARM.extab* .gnu.linkonce.armextab.*)
                0x10005304                        __exidx_start = .

.ARM.exidx
 *(.ARM.exidx* .gnu.linkonce.armexidx.*)
                0x10005304                        __exidx_end = .
                0x10005304                        . = ALIGN (0x4)
                0x10005304                        __binary_info_start = .

.binary_info    0x10005304       0x30
 *(.binary_info.keep.*)
 .binary_info.keep.__bi_ptr84
                0x10005304        0x4 CMakeFiles/pwmCepedi.dir/C_/Users/habib/.pico-sdk/sdk/2.1.0/src/rp2_common/pico_standard_binary_info/standard_binary_info.c.obj
 .binary_info.keep.__bi_ptr78
                0x10005308        0x4 CMakeFiles/pwmCepedi.dir/C_/Users/habib/.pico-sdk/sdk/2.1.0/src/rp2_common/pico_standard_binary_info/standard_binary_info.c.obj
 .binary_info.keep.__bi_ptr60
                0x1000530c        0x4 CMakeFiles/pwmCepedi.dir/C_/Users/habib/.pico-sdk/sdk/2.1.0/src/rp2_common/pico_standard_binary_info/standard_binary_info.c.obj
 .binary_info.keep.__bi_ptr54
                0x10005310        0x4 CMakeFiles/pwmCepedi.dir/C_/Users/habib/.pico-sdk/sdk/2.1.0/src/rp2_common/pico_standard_binary_info/standard_binary_info.c.obj
 .binary_info.keep.__bi_ptr48
                0x10005314        0x4 CMakeFiles/pwmCepedi.dir/C_/Users/habib/.pico-sdk/sdk/2.1.0/src/rp2_common/pico_standard_binary_info/standard_binary_info.c.obj
 .binary_info.keep.__bi_ptr42
                0x10005318        0x4 CMakeFiles/pwmCepedi.dir/C_/Users/habib/.pico-sdk/sdk/2.1.0/src/rp2_common/pico_standard_binary_info/standard_binary_info.c.obj
 .binary_info.keep.__bi_ptr34
                0x1000531c        0x4 CMakeFiles/pwmCepedi.dir/C_/Users/habib/.pico-sdk/sdk/2.1.0/src/rp2_common/pico_standard_binary_info/standard_binary_info.c.obj
 .binary_info.keep.__bi_ptr26
                0x10005320        0x4 CMakeFiles/pwmCepedi.dir/C_/Users/habib/.pico-sdk/sdk/2.1.0/src/rp2_common/pico_standard_binary_info/standard_binary_info.c.obj
 *(.binary_info.*)
 .binary_info.__bi_ptr50
                0x10005324        0x4 CMakeFiles/pwmCepedi.dir/C_/Users/habib/.pico-sdk/sdk/2.1.0/src/rp2_common/pico_stdio_uart/stdio_uart.c.obj
 .binary_info.__bi_ptr49
                0x10005328        0x4 CMakeFiles/pwmCepedi.dir/C_/Users/habib/.pico-sdk/sdk/2.1.0/src/rp2_common/pico_stdio_uart/stdio_uart.c.obj
 .binary_info.__bi_ptr45
                0x1000532c        0x4 CMakeFiles/pwmCepedi.dir/C_/Users/habib/.pico-sdk/sdk/2.1.0/src/rp2_common/pico_stdio_uart/stdio_uart.c.obj
 .binary_info.__bi_ptr197
                0x10005330        0x4 CMakeFiles/pwmCepedi.dir/C_/Users/habib/.pico-sdk/sdk/2.1.0/src/rp2_common/pico_stdio_usb/stdio_usb.c.obj
                0x10005334                        __binary_info_end = .

.rel.dyn        0x10005334        0x0
 .rel.iplt      0x10005334        0x0 C:/Users/habib/.pico-sdk/toolchain/13_3_Rel1/bin/../lib/gcc/arm-none-eabi/13.3.1/thumb/v6-m/nofp/crtbegin.o
                0x10005334                        . = ALIGN (0x4)

.ram_vector_table
                0x20000000       0xc0
 *(.ram_vector_table)
 .ram_vector_table
                0x20000000       0xc0 CMakeFiles/pwmCepedi.dir/C_/Users/habib/.pico-sdk/sdk/2.1.0/src/rp2_common/pico_runtime_init/runtime_init.c.obj
                0x20000000                ram_vector_table

.uninitialized_data
                0x200000c0        0x0
                0x200000c0                        . = ALIGN (0x4)
 *(.uninitialized_data*)

.data           0x200000c0      0xfb8 load address 0x10005334
                0x200000c0                        __data_start__ = .
 *(vtable)
 *(.time_critical*)
 .time_critical.mutex_try_enter
                0x200000c0       0x40 CMakeFiles/pwmCepedi.dir/C_/Users/habib/.pico-sdk/sdk/2.1.0/src/common/pico_sync/mutex.c.obj
                0x200000c0                mutex_try_enter
 .time_critical.mutex_try_enter_block_until
                0x20000100       0x9c CMakeFiles/pwmCepedi.dir/C_/Users/habib/.pico-sdk/sdk/2.1.0/src/common/pico_sync/mutex.c.obj
                0x20000100                mutex_try_enter_block_until
 .time_critical.mutex_enter_timeout_ms
                0x2000019c       0x90 CMakeFiles/pwmCepedi.dir/C_/Users/habib/.pico-sdk/sdk/2.1.0/src/common/pico_sync/mutex.c.obj
                0x2000019c                mutex_enter_timeout_ms
 .time_critical.mutex_exit
                0x2000022c       0x28 CMakeFiles/pwmCepedi.dir/C_/Users/habib/.pico-sdk/sdk/2.1.0/src/common/pico_sync/mutex.c.obj
                0x2000022c                mutex_exit
 .time_critical.flash_init_boot2_copyout
                0x20000254       0x30 CMakeFiles/pwmCepedi.dir/C_/Users/habib/.pico-sdk/sdk/2.1.0/src/rp2_common/hardware_flash/flash.c.obj
 .time_critical.flash_enable_xip_via_boot2
                0x20000284        0xc CMakeFiles/pwmCepedi.dir/C_/Users/habib/.pico-sdk/sdk/2.1.0/src/rp2_common/hardware_flash/flash.c.obj
 .time_critical.flash_cs_force
                0x20000290       0x38 CMakeFiles/pwmCepedi.dir/C_/Users/habib/.pico-sdk/sdk/2.1.0/src/rp2_common/hardware_flash/flash.c.obj
 .time_critical.flash_do_cmd
                0x200002c8       0xc0 CMakeFiles/pwmCepedi.dir/C_/Users/habib/.pico-sdk/sdk/2.1.0/src/rp2_common/hardware_flash/flash.c.obj
                0x200002c8                flash_do_cmd
 .time_critical.reset_non_control_endpoints
                0x20000388       0x68 CMakeFiles/pwmCepedi.dir/C_/Users/habib/.pico-sdk/sdk/2.1.0/lib/tinyusb/src/portable/raspberrypi/rp2040/dcd_rp2040.c.obj
 .time_critical.hw_handle_buff_status
                0x200003f0       0xb0 CMakeFiles/pwmCepedi.dir/C_/Users/habib/.pico-sdk/sdk/2.1.0/lib/tinyusb/src/portable/raspberrypi/rp2040/dcd_rp2040.c.obj
 .time_critical.dcd_rp2040_irq
                0x200004a0      0x578 CMakeFiles/pwmCepedi.dir/C_/Users/habib/.pico-sdk/sdk/2.1.0/lib/tinyusb/src/portable/raspberrypi/rp2040/dcd_rp2040.c.obj
 .time_critical.prepare_ep_buffer
                0x20000a18       0xe0 CMakeFiles/pwmCepedi.dir/C_/Users/habib/.pico-sdk/sdk/2.1.0/lib/tinyusb/src/portable/raspberrypi/rp2040/rp2040_usb.c.obj
 .time_critical.sync_ep_buffer
                0x20000af8       0xa8 CMakeFiles/pwmCepedi.dir/C_/Users/habib/.pico-sdk/sdk/2.1.0/lib/tinyusb/src/portable/raspberrypi/rp2040/rp2040_usb.c.obj
 .time_critical._hw_endpoint_xfer_sync
                0x20000ba0       0x28 CMakeFiles/pwmCepedi.dir/C_/Users/habib/.pico-sdk/sdk/2.1.0/lib/tinyusb/src/portable/raspberrypi/rp2040/rp2040_usb.c.obj
 .time_critical.e15_is_bulkin_ep
                0x20000bc8       0x28 CMakeFiles/pwmCepedi.dir/C_/Users/habib/.pico-sdk/sdk/2.1.0/lib/tinyusb/src/portable/raspberrypi/rp2040/rp2040_usb.c.obj
 .time_critical.e15_is_critical_frame_period
                0x20000bf0       0x34 CMakeFiles/pwmCepedi.dir/C_/Users/habib/.pico-sdk/sdk/2.1.0/lib/tinyusb/src/portable/raspberrypi/rp2040/rp2040_usb.c.obj
 .time_critical.hw_endpoint_reset_transfer
                0x20000c24        0xc CMakeFiles/pwmCepedi.dir/C_/Users/habib/.pico-sdk/sdk/2.1.0/lib/tinyusb/src/portable/raspberrypi/rp2040/rp2040_usb.c.obj
                0x20000c24                hw_endpoint_reset_transfer
 .time_critical._hw_endpoint_buffer_control_update32
                0x20000c30       0x50 CMakeFiles/pwmCepedi.dir/C_/Users/habib/.pico-sdk/sdk/2.1.0/lib/tinyusb/src/portable/raspberrypi/rp2040/rp2040_usb.c.obj
                0x20000c30                _hw_endpoint_buffer_control_update32
 .time_critical.hw_endpoint_start_next_buffer
                0x20000c80       0x6c CMakeFiles/pwmCepedi.dir/C_/Users/habib/.pico-sdk/sdk/2.1.0/lib/tinyusb/src/portable/raspberrypi/rp2040/rp2040_usb.c.obj
                0x20000c80                hw_endpoint_start_next_buffer
 .time_critical.hw_endpoint_xfer_continue
                0x20000cec       0x40 CMakeFiles/pwmCepedi.dir/C_/Users/habib/.pico-sdk/sdk/2.1.0/lib/tinyusb/src/portable/raspberrypi/rp2040/rp2040_usb.c.obj
                0x20000cec                hw_endpoint_xfer_continue
 .time_critical.tinyusb
                0x20000d2c      0x1e4 CMakeFiles/pwmCepedi.dir/C_/Users/habib/.pico-sdk/sdk/2.1.0/lib/tinyusb/src/device/usbd.c.obj
                0x20000d2c                dcd_event_handler
 *(.text*)
 .text          0x20000f10        0x4 C:/Users/habib/.pico-sdk/toolchain/13_3_Rel1/bin/../lib/gcc/arm-none-eabi/13.3.1/thumb/v6-m/nofp\libgcc.a(_dvmd_tls.o)
                0x20000f10                __aeabi_idiv0
                0x20000f10                __aeabi_ldiv0
 *fill*         0x20000f14        0x4 
 .text.__stub   0x20000f18       0x80 linker stubs
                0x20000f98                        . = ALIGN (0x4)
 *(.rodata*)
                0x20000f98                        . = ALIGN (0x4)
 *(.data*)
 .data.pinos_leds
                0x20000f98        0x3 CMakeFiles/pwmCepedi.dir/pwmCepedi.c.obj
                0x20000f98                pinos_leds
 .data.striped_spin_lock_num
                0x20000f9b        0x1 CMakeFiles/pwmCepedi.dir/C_/Users/habib/.pico-sdk/sdk/2.1.0/src/rp2_common/hardware_sync/sync.c.obj
 .data          0x20000f9c       0x48 CMakeFiles/pwmCepedi.dir/C_/Users/habib/.pico-sdk/sdk/2.1.0/src/rp2_common/hardware_irq/irq_handler_chain.S.obj
                0x20000f9c                irq_handler_chain_slots
                0x20000fcc                irq_handler_chain_first_slot
                0x20000fd6                irq_handler_chain_remove_tail
 .data.default_alarm_pool
                0x20000fe4       0x18 CMakeFiles/pwmCepedi.dir/C_/Users/habib/.pico-sdk/sdk/2.1.0/src/common/pico_time/time.c.obj
 *fill*         0x20000ffc        0x4 
 .data.aeabi_bits_funcs
                0x20001000       0x10 CMakeFiles/pwmCepedi.dir/C_/Users/habib/.pico-sdk/sdk/2.1.0/src/rp2_common/pico_bit_ops/bit_ops_aeabi.S.obj
                0x20001000                aeabi_bits_funcs
                0x20001010                aeabi_bits_funcs_end
 .data.aeabi_mem_funcs
                0x20001010       0x10 CMakeFiles/pwmCepedi.dir/C_/Users/habib/.pico-sdk/sdk/2.1.0/src/rp2_common/pico_mem_ops/mem_ops_aeabi.S.obj
                0x20001010                aeabi_mem_funcs
                0x20001020                aeabi_mem_funcs_end
 .data.stdio_uart
                0x20001020       0x18 CMakeFiles/pwmCepedi.dir/C_/Users/habib/.pico-sdk/sdk/2.1.0/src/rp2_common/pico_stdio_uart/stdio_uart.c.obj
                0x20001020                stdio_uart
 .data.stdio_usb
                0x20001038       0x18 CMakeFiles/pwmCepedi.dir/C_/Users/habib/.pico-sdk/sdk/2.1.0/src/rp2_common/pico_stdio_usb/stdio_usb.c.obj
                0x20001038                stdio_usb
 .data._usbd_qdef
                0x20001050       0x1c CMakeFiles/pwmCepedi.dir/C_/Users/habib/.pico-sdk/sdk/2.1.0/lib/tinyusb/src/device/usbd.c.obj
                0x20001050                _usbd_qdef
 .data._usbd_rhport
                0x2000106c        0x1 CMakeFiles/pwmCepedi.dir/C_/Users/habib/.pico-sdk/sdk/2.1.0/lib/tinyusb/src/device/usbd.c.obj
                0x20001070                        . = ALIGN (0x4)
 *fill*         0x2000106d        0x3 
 *(.after_data.*)
                0x20001070                        . = ALIGN (0x4)
                0x20001070                        PROVIDE (__mutex_array_start = .)
 *(SORT_BY_NAME(.mutex_array.*))
 *(.mutex_array)
 .mutex_array   0x20001070        0x8 CMakeFiles/pwmCepedi.dir/C_/Users/habib/.pico-sdk/sdk/2.1.0/src/rp2_common/pico_stdio/stdio.c.obj
                0x20001078                        PROVIDE (__mutex_array_end = .)
                0x20001078                        . = ALIGN (0x4)
 *(.jcr)
                0x20001078                        . = ALIGN (0x4)

.tm_clone_table
                0x20001078        0x0 load address 0x100062ec
 .tm_clone_table
                0x20001078        0x0 C:/Users/habib/.pico-sdk/toolchain/13_3_Rel1/bin/../lib/gcc/arm-none-eabi/13.3.1/thumb/v6-m/nofp/crtbegin.o
 .tm_clone_table
                0x20001078        0x0 C:/Users/habib/.pico-sdk/toolchain/13_3_Rel1/bin/../lib/gcc/arm-none-eabi/13.3.1/thumb/v6-m/nofp/crtend.o

.igot.plt       0x20001078        0x0 load address 0x100062ec
 .igot.plt      0x20001078        0x0 C:/Users/habib/.pico-sdk/toolchain/13_3_Rel1/bin/../lib/gcc/arm-none-eabi/13.3.1/thumb/v6-m/nofp/crtbegin.o

.tdata          0x20001078        0x0 load address 0x100062ec
                0x20001078                        . = ALIGN (0x4)
 *(.tdata .tdata.* .gnu.linkonce.td.*)
                0x20001078                        __tdata_end = .
                0x20001078                        PROVIDE (__data_end__ = .)
                0x10005334                        __etext = LOADADDR (.data)

.tbss           0x20001078        0x0 load address 0x100062ec
                0x20001078                        . = ALIGN (0x4)
                0x20001078                        __bss_start__ = .
                0x20001078                        __tls_base = .
 *(.tbss .tbss.* .gnu.linkonce.tb.*)
 *(.tcommon)
                0x20001078                        __tls_end = .

.bss            0x20001078     0x108c load address 0x100062ec
                0x20001078                        . = ALIGN (0x4)
                0x20001078                        __tbss_end = .
 *(SORT_BY_ALIGNMENT(SORT_BY_NAME(.bss*)))
 .bss.default_alarm_pool_entries
                0x20001078      0x180 CMakeFiles/pwmCepedi.dir/C_/Users/habib/.pico-sdk/sdk/2.1.0/src/common/pico_time/time.c.obj
 .bss.last_avail_time.1
                0x200011f8        0x8 CMakeFiles/pwmCepedi.dir/C_/Users/habib/.pico-sdk/sdk/2.1.0/src/rp2_common/pico_stdio_usb/stdio_usb.c.obj
 .bss.sd_table  0x20001200      0x100 CMakeFiles/pwmCepedi.dir/C_/Users/habib/.pico-sdk/sdk/2.1.0/src/rp2_common/pico_double/double_init_rom_rp2040.c.obj
                0x20001200                sd_table
 .bss._app_driver
                0x20001300        0x4 CMakeFiles/pwmCepedi.dir/C_/Users/habib/.pico-sdk/sdk/2.1.0/lib/tinyusb/src/device/usbd.c.obj
 .bss._cdcd_fifo_cfg
                0x20001304        0x1 CMakeFiles/pwmCepedi.dir/C_/Users/habib/.pico-sdk/sdk/2.1.0/lib/tinyusb/src/class/cdc/cdc_device.c.obj
 *fill*         0x20001305        0x3 
 .bss._cdcd_itf
                0x20001308      0x2c8 CMakeFiles/pwmCepedi.dir/C_/Users/habib/.pico-sdk/sdk/2.1.0/lib/tinyusb/src/class/cdc/cdc_device.c.obj
 .bss._ctrl_xfer
                0x200015d0       0x14 CMakeFiles/pwmCepedi.dir/C_/Users/habib/.pico-sdk/sdk/2.1.0/lib/tinyusb/src/device/usbd_control.c.obj
 .bss._ubsd_mutexdef
                0x200015e4        0x8 CMakeFiles/pwmCepedi.dir/C_/Users/habib/.pico-sdk/sdk/2.1.0/lib/tinyusb/src/device/usbd.c.obj
 .bss._usbd_ctrl_buf
                0x200015ec       0x40 CMakeFiles/pwmCepedi.dir/C_/Users/habib/.pico-sdk/sdk/2.1.0/lib/tinyusb/src/device/usbd_control.c.obj
 .bss._usbd_dev
                0x2000162c       0x54 CMakeFiles/pwmCepedi.dir/C_/Users/habib/.pico-sdk/sdk/2.1.0/lib/tinyusb/src/device/usbd.c.obj
 .bss._usbd_mutex
                0x20001680        0x4 CMakeFiles/pwmCepedi.dir/C_/Users/habib/.pico-sdk/sdk/2.1.0/lib/tinyusb/src/device/usbd.c.obj
 .bss._usbd_q   0x20001684        0x4 CMakeFiles/pwmCepedi.dir/C_/Users/habib/.pico-sdk/sdk/2.1.0/lib/tinyusb/src/device/usbd.c.obj
 .bss._usbd_qdef_buf
                0x20001688       0xc0 CMakeFiles/pwmCepedi.dir/C_/Users/habib/.pico-sdk/sdk/2.1.0/lib/tinyusb/src/device/usbd.c.obj
                0x20001688                _usbd_qdef_buf
 .bss._vendord_itf
                0x20001748      0x2cc CMakeFiles/pwmCepedi.dir/C_/Users/habib/.pico-sdk/sdk/2.1.0/lib/tinyusb/src/class/vendor/vendor_device.c.obj
 .bss.boot2_copyout
                0x20001a14      0x100 CMakeFiles/pwmCepedi.dir/C_/Users/habib/.pico-sdk/sdk/2.1.0/src/rp2_common/hardware_flash/flash.c.obj
 .bss.chars_available_callback
                0x20001b14        0x4 CMakeFiles/pwmCepedi.dir/C_/Users/habib/.pico-sdk/sdk/2.1.0/src/rp2_common/pico_stdio_uart/stdio_uart.c.obj
 .bss.chars_available_callback
                0x20001b18        0x4 CMakeFiles/pwmCepedi.dir/C_/Users/habib/.pico-sdk/sdk/2.1.0/src/rp2_common/pico_stdio_usb/stdio_usb.c.obj
 .bss.chars_available_param
                0x20001b1c        0x4 CMakeFiles/pwmCepedi.dir/C_/Users/habib/.pico-sdk/sdk/2.1.0/src/rp2_common/pico_stdio_uart/stdio_uart.c.obj
 .bss.chars_available_param
                0x20001b20        0x4 CMakeFiles/pwmCepedi.dir/C_/Users/habib/.pico-sdk/sdk/2.1.0/src/rp2_common/pico_stdio_usb/stdio_usb.c.obj
 .bss.claimed   0x20001b24        0x4 CMakeFiles/pwmCepedi.dir/C_/Users/habib/.pico-sdk/sdk/2.1.0/src/rp2_common/hardware_sync/sync.c.obj
 .bss.claimed   0x20001b28        0x1 CMakeFiles/pwmCepedi.dir/C_/Users/habib/.pico-sdk/sdk/2.1.0/src/rp2_common/hardware_timer/timer.c.obj
 *fill*         0x20001b29        0x3 
 .bss.configured_freq
                0x20001b2c       0x28 CMakeFiles/pwmCepedi.dir/C_/Users/habib/.pico-sdk/sdk/2.1.0/src/rp2_common/hardware_clocks/clocks.c.obj
 .bss.desc_str.0
                0x20001b54       0x28 CMakeFiles/pwmCepedi.dir/C_/Users/habib/.pico-sdk/sdk/2.1.0/src/rp2_common/pico_stdio_usb/stdio_usb_descriptors.c.obj
 .bss.drivers   0x20001b7c        0x4 CMakeFiles/pwmCepedi.dir/C_/Users/habib/.pico-sdk/sdk/2.1.0/src/rp2_common/pico_stdio/stdio.c.obj
 .bss.e15_last_sof
                0x20001b80        0x4 CMakeFiles/pwmCepedi.dir/C_/Users/habib/.pico-sdk/sdk/2.1.0/lib/tinyusb/src/portable/raspberrypi/rp2040/rp2040_usb.c.obj
                0x20001b80                e15_last_sof
 .bss.filter    0x20001b84        0x4 CMakeFiles/pwmCepedi.dir/C_/Users/habib/.pico-sdk/sdk/2.1.0/src/rp2_common/pico_stdio/stdio.c.obj
 .bss.hw_endpoints
                0x20001b88      0x400 CMakeFiles/pwmCepedi.dir/C_/Users/habib/.pico-sdk/sdk/2.1.0/lib/tinyusb/src/portable/raspberrypi/rp2040/dcd_rp2040.c.obj
 .bss.lazy_vsnprintf
                0x20001f88        0x4 CMakeFiles/pwmCepedi.dir/C_/Users/habib/.pico-sdk/sdk/2.1.0/src/rp2_common/pico_printf/printf.c.obj
 .bss.load_value
                0x20001f8c        0x4 CMakeFiles/pwmCepedi.dir/C_/Users/habib/.pico-sdk/sdk/2.1.0/src/rp2_common/hardware_watchdog/watchdog.c.obj
 .bss.next_buffer_ptr
                0x20001f90        0x4 CMakeFiles/pwmCepedi.dir/C_/Users/habib/.pico-sdk/sdk/2.1.0/lib/tinyusb/src/portable/raspberrypi/rp2040/dcd_rp2040.c.obj
 .bss.object.0  0x20001f94       0x18 C:/Users/habib/.pico-sdk/toolchain/13_3_Rel1/bin/../lib/gcc/arm-none-eabi/13.3.1/thumb/v6-m/nofp/crtbegin.o
 .bss.one_shot_timer_crit_sec
                0x20001fac        0x8 CMakeFiles/pwmCepedi.dir/C_/Users/habib/.pico-sdk/sdk/2.1.0/src/rp2_common/pico_stdio_usb/stdio_usb.c.obj
 .bss.pools     0x20001fb4       0x10 CMakeFiles/pwmCepedi.dir/C_/Users/habib/.pico-sdk/sdk/2.1.0/src/common/pico_time/time.c.obj
 .bss.retrieved_id
                0x20001fc4        0x8 CMakeFiles/pwmCepedi.dir/C_/Users/habib/.pico-sdk/sdk/2.1.0/src/rp2_common/pico_unique_id/unique_id.c.obj
 .bss.sf_clz_func
                0x20001fcc        0x4 CMakeFiles/pwmCepedi.dir/C_/Users/habib/.pico-sdk/sdk/2.1.0/src/rp2_common/pico_double/double_init_rom_rp2040.c.obj
                0x20001fcc                sf_clz_func
 .bss.sf_table  0x20001fd0      0x100 CMakeFiles/pwmCepedi.dir/C_/Users/habib/.pico-sdk/sdk/2.1.0/src/rp2_common/pico_float/float_init_rom_rp2040.c.obj
                0x20001fd0                sf_table
 .bss.sleep_notifier
                0x200020d0        0x4 CMakeFiles/pwmCepedi.dir/C_/Users/habib/.pico-sdk/sdk/2.1.0/src/common/pico_time/time.c.obj
 .bss.slice_num
                0x200020d4        0x4 CMakeFiles/pwmCepedi.dir/pwmCepedi.c.obj
                0x200020d4                slice_num
 .bss.stdio_usb_mutex
                0x200020d8        0x8 CMakeFiles/pwmCepedi.dir/C_/Users/habib/.pico-sdk/sdk/2.1.0/src/rp2_common/pico_stdio_usb/stdio_usb.c.obj
 .bss.uart_char_to_line_feed
                0x200020e0        0x4 CMakeFiles/pwmCepedi.dir/C_/Users/habib/.pico-sdk/sdk/2.1.0/src/rp2_common/hardware_uart/uart.c.obj
                0x200020e0                uart_char_to_line_feed
 .bss.uart_instance
                0x200020e4        0x4 CMakeFiles/pwmCepedi.dir/C_/Users/habib/.pico-sdk/sdk/2.1.0/src/rp2_common/pico_stdio_uart/stdio_uart.c.obj
 .bss.usbd_serial_str
                0x200020e8       0x11 CMakeFiles/pwmCepedi.dir/C_/Users/habib/.pico-sdk/sdk/2.1.0/src/rp2_common/pico_stdio_usb/stdio_usb_descriptors.c.obj
 .bss._app_driver_count
                0x200020f9        0x1 CMakeFiles/pwmCepedi.dir/C_/Users/habib/.pico-sdk/sdk/2.1.0/lib/tinyusb/src/device/usbd.c.obj
 .bss._sof_enable
                0x200020fa        0x1 CMakeFiles/pwmCepedi.dir/C_/Users/habib/.pico-sdk/sdk/2.1.0/lib/tinyusb/src/portable/raspberrypi/rp2040/dcd_rp2040.c.obj
 .bss._usbd_queued_setup
                0x200020fb        0x1 CMakeFiles/pwmCepedi.dir/C_/Users/habib/.pico-sdk/sdk/2.1.0/lib/tinyusb/src/device/usbd.c.obj
 .bss.boot2_copyout_valid
                0x200020fc        0x1 CMakeFiles/pwmCepedi.dir/C_/Users/habib/.pico-sdk/sdk/2.1.0/src/rp2_common/hardware_flash/flash.c.obj
 .bss.buzzer_ativo
                0x200020fd        0x1 CMakeFiles/pwmCepedi.dir/pwmCepedi.c.obj
                0x200020fd                buzzer_ativo
 .bss.estado_semaforo
                0x200020fe        0x1 CMakeFiles/pwmCepedi.dir/pwmCepedi.c.obj
                0x200020fe                estado_semaforo
 .bss.irq_handler_chain_free_slot_head
                0x200020ff        0x1 CMakeFiles/pwmCepedi.dir/C_/Users/habib/.pico-sdk/sdk/2.1.0/src/rp2_common/hardware_irq/irq.c.obj
 .bss.itf_num   0x20002100        0x1 CMakeFiles/pwmCepedi.dir/C_/Users/habib/.pico-sdk/sdk/2.1.0/src/rp2_common/pico_stdio_usb/reset_interface.c.obj
 .bss.low_priority_irq_num
                0x20002101        0x1 CMakeFiles/pwmCepedi.dir/C_/Users/habib/.pico-sdk/sdk/2.1.0/src/rp2_common/pico_stdio_usb/stdio_usb.c.obj
 .bss.one_shot_timer_pending
                0x20002102        0x1 CMakeFiles/pwmCepedi.dir/C_/Users/habib/.pico-sdk/sdk/2.1.0/src/rp2_common/pico_stdio_usb/stdio_usb.c.obj
 .bss.user_irq_claimed
                0x20002103        0x1 CMakeFiles/pwmCepedi.dir/C_/Users/habib/.pico-sdk/sdk/2.1.0/src/rp2_common/hardware_irq/irq.c.obj
 *(COMMON)
                0x20002104                        . = ALIGN (0x4)
                0x20002104                        __bss_end__ = .

.heap           0x20002104      0x800 load address 0x100062ec
                0x20002104                        __end__ = .
                0x20002104                        end = __end__
 *(.heap*)
 .heap          0x20002104      0x800 CMakeFiles/pwmCepedi.dir/C_/Users/habib/.pico-sdk/sdk/2.1.0/src/rp2_common/pico_crt0/crt0.S.obj
                0x20040000                        __HeapLimit = (ORIGIN (RAM) + LENGTH (RAM))

.scratch_x      0x20040000        0x0 load address 0x100062ec
                0x20040000                        __scratch_x_start__ = .
 *(.scratch_x.*)
                0x20040000                        . = ALIGN (0x4)
                0x20040000                        __scratch_x_end__ = .
                0x100062ec                        __scratch_x_source__ = LOADADDR (.scratch_x)

.scratch_y      0x20041000        0x0 load address 0x100062ec
                0x20041000                        __scratch_y_start__ = .
 *(.scratch_y.*)
                0x20041000                        . = ALIGN (0x4)
                0x20041000                        __scratch_y_end__ = .
                0x100062ec                        __scratch_y_source__ = LOADADDR (.scratch_y)

.stack1_dummy
 *(.stack1*)

.stack_dummy    0x20041000      0x800
 *(.stack*)
 .stack         0x20041000      0x800 CMakeFiles/pwmCepedi.dir/C_/Users/habib/.pico-sdk/sdk/2.1.0/src/rp2_common/pico_crt0/crt0.S.obj

.flash_end      0x100062ec        0x0
 *(.embedded_end_block*)
                0x100062ec                        PROVIDE (__flash_binary_end = .)
                0x20040000                        __StackLimit = (ORIGIN (RAM) + LENGTH (RAM))
                0x20041000                        __StackOneTop = (ORIGIN (SCRATCH_X) + LENGTH (SCRATCH_X))
                0x20042000                        __StackTop = (ORIGIN (SCRATCH_Y) + LENGTH (SCRATCH_Y))
                0x20041000                        __StackOneBottom = (__StackOneTop - SIZEOF (.stack1_dummy))
                0x20041800                        __StackBottom = (__StackTop - SIZEOF (.stack_dummy))
                0x20042000                        PROVIDE (__stack = __StackTop)
                [!provide]                        PROVIDE (__heap_start = __end__)
                [!provide]                        PROVIDE (__heap_end = __HeapLimit)
                [!provide]                        PROVIDE (__tls_align = MAX (ALIGNOF (.tdata), ALIGNOF (.tbss)))
                [!provide]                        PROVIDE (__tls_size_align = (((__tls_size + __tls_align) - 0x1) & ~ ((__tls_align - 0x1))))
                [!provide]                        PROVIDE (__arm32_tls_tcb_offset = MAX (0x8, __tls_align))
                [!provide]                        PROVIDE (_end = __end__)
                [!provide]                        PROVIDE (__llvm_libc_heap_limit = __HeapLimit)
                0x00000001                        ASSERT ((__StackLimit >= __HeapLimit), region RAM overflowed)
                0x00000001                        ASSERT (((__binary_info_header_end - __logical_binary_start) <= 0x100), Binary info must be in first 256 bytes of the binary)
LOAD CMakeFiles/pwmCepedi.dir/pwmCepedi.c.obj
LOAD CMakeFiles/pwmCepedi.dir/C_/Users/habib/.pico-sdk/sdk/2.1.0/src/rp2_common/pico_stdlib/stdlib.c.obj
LOAD CMakeFiles/pwmCepedi.dir/C_/Users/habib/.pico-sdk/sdk/2.1.0/src/rp2_common/hardware_gpio/gpio.c.obj
LOAD CMakeFiles/pwmCepedi.dir/C_/Users/habib/.pico-sdk/sdk/2.1.0/src/rp2040/pico_platform/platform.c.obj
LOAD CMakeFiles/pwmCepedi.dir/C_/Users/habib/.pico-sdk/sdk/2.1.0/src/rp2_common/pico_platform_panic/panic.c.obj
LOAD CMakeFiles/pwmCepedi.dir/C_/Users/habib/.pico-sdk/sdk/2.1.0/src/common/hardware_claim/claim.c.obj
LOAD CMakeFiles/pwmCepedi.dir/C_/Users/habib/.pico-sdk/sdk/2.1.0/src/rp2_common/hardware_sync/sync.c.obj
LOAD CMakeFiles/pwmCepedi.dir/C_/Users/habib/.pico-sdk/sdk/2.1.0/src/rp2_common/hardware_sync_spin_lock/sync_spin_lock.c.obj
LOAD CMakeFiles/pwmCepedi.dir/C_/Users/habib/.pico-sdk/sdk/2.1.0/src/rp2_common/hardware_irq/irq.c.obj
LOAD CMakeFiles/pwmCepedi.dir/C_/Users/habib/.pico-sdk/sdk/2.1.0/src/rp2_common/hardware_irq/irq_handler_chain.S.obj
LOAD CMakeFiles/pwmCepedi.dir/C_/Users/habib/.pico-sdk/sdk/2.1.0/src/common/pico_sync/sem.c.obj
LOAD CMakeFiles/pwmCepedi.dir/C_/Users/habib/.pico-sdk/sdk/2.1.0/src/common/pico_sync/lock_core.c.obj
LOAD CMakeFiles/pwmCepedi.dir/C_/Users/habib/.pico-sdk/sdk/2.1.0/src/common/pico_sync/mutex.c.obj
LOAD CMakeFiles/pwmCepedi.dir/C_/Users/habib/.pico-sdk/sdk/2.1.0/src/common/pico_sync/critical_section.c.obj
LOAD CMakeFiles/pwmCepedi.dir/C_/Users/habib/.pico-sdk/sdk/2.1.0/src/common/pico_time/time.c.obj
LOAD CMakeFiles/pwmCepedi.dir/C_/Users/habib/.pico-sdk/sdk/2.1.0/src/common/pico_time/timeout_helper.c.obj
LOAD CMakeFiles/pwmCepedi.dir/C_/Users/habib/.pico-sdk/sdk/2.1.0/src/rp2_common/hardware_timer/timer.c.obj
LOAD CMakeFiles/pwmCepedi.dir/C_/Users/habib/.pico-sdk/sdk/2.1.0/src/common/pico_util/datetime.c.obj
LOAD CMakeFiles/pwmCepedi.dir/C_/Users/habib/.pico-sdk/sdk/2.1.0/src/common/pico_util/pheap.c.obj
LOAD CMakeFiles/pwmCepedi.dir/C_/Users/habib/.pico-sdk/sdk/2.1.0/src/common/pico_util/queue.c.obj
LOAD CMakeFiles/pwmCepedi.dir/C_/Users/habib/.pico-sdk/sdk/2.1.0/src/rp2_common/hardware_uart/uart.c.obj
LOAD CMakeFiles/pwmCepedi.dir/C_/Users/habib/.pico-sdk/sdk/2.1.0/src/rp2_common/hardware_clocks/clocks.c.obj
LOAD CMakeFiles/pwmCepedi.dir/C_/Users/habib/.pico-sdk/sdk/2.1.0/src/rp2_common/hardware_pll/pll.c.obj
LOAD CMakeFiles/pwmCepedi.dir/C_/Users/habib/.pico-sdk/sdk/2.1.0/src/rp2_common/hardware_vreg/vreg.c.obj
LOAD CMakeFiles/pwmCepedi.dir/C_/Users/habib/.pico-sdk/sdk/2.1.0/src/rp2_common/hardware_watchdog/watchdog.c.obj
LOAD CMakeFiles/pwmCepedi.dir/C_/Users/habib/.pico-sdk/sdk/2.1.0/src/rp2_common/hardware_ticks/ticks.c.obj
LOAD CMakeFiles/pwmCepedi.dir/C_/Users/habib/.pico-sdk/sdk/2.1.0/src/rp2_common/pico_bootrom/bootrom.c.obj
LOAD CMakeFiles/pwmCepedi.dir/C_/Users/habib/.pico-sdk/sdk/2.1.0/src/rp2_common/pico_bootrom/bootrom_lock.c.obj
LOAD CMakeFiles/pwmCepedi.dir/C_/Users/habib/.pico-sdk/sdk/2.1.0/src/rp2_common/hardware_boot_lock/boot_lock.c.obj
LOAD CMakeFiles/pwmCepedi.dir/C_/Users/habib/.pico-sdk/sdk/2.1.0/src/rp2_common/pico_flash/flash.c.obj
LOAD CMakeFiles/pwmCepedi.dir/C_/Users/habib/.pico-sdk/sdk/2.1.0/src/rp2_common/hardware_xosc/xosc.c.obj
LOAD CMakeFiles/pwmCepedi.dir/C_/Users/habib/.pico-sdk/sdk/2.1.0/src/rp2_common/hardware_divider/divider.S.obj
LOAD CMakeFiles/pwmCepedi.dir/C_/Users/habib/.pico-sdk/sdk/2.1.0/src/rp2_common/pico_runtime/runtime.c.obj
LOAD CMakeFiles/pwmCepedi.dir/C_/Users/habib/.pico-sdk/sdk/2.1.0/src/rp2_common/pico_runtime_init/runtime_init.c.obj
LOAD CMakeFiles/pwmCepedi.dir/C_/Users/habib/.pico-sdk/sdk/2.1.0/src/rp2_common/pico_runtime_init/runtime_init_clocks.c.obj
LOAD CMakeFiles/pwmCepedi.dir/C_/Users/habib/.pico-sdk/sdk/2.1.0/src/rp2_common/pico_runtime_init/runtime_init_stack_guard.c.obj
LOAD CMakeFiles/pwmCepedi.dir/C_/Users/habib/.pico-sdk/sdk/2.1.0/src/rp2_common/pico_bit_ops/bit_ops_aeabi.S.obj
LOAD CMakeFiles/pwmCepedi.dir/C_/Users/habib/.pico-sdk/sdk/2.1.0/src/rp2_common/pico_divider/divider_hardware.S.obj
LOAD CMakeFiles/pwmCepedi.dir/C_/Users/habib/.pico-sdk/sdk/2.1.0/src/rp2_common/pico_double/double_aeabi_rp2040.S.obj
LOAD CMakeFiles/pwmCepedi.dir/C_/Users/habib/.pico-sdk/sdk/2.1.0/src/rp2_common/pico_double/double_init_rom_rp2040.c.obj
LOAD CMakeFiles/pwmCepedi.dir/C_/Users/habib/.pico-sdk/sdk/2.1.0/src/rp2_common/pico_double/double_math.c.obj
LOAD CMakeFiles/pwmCepedi.dir/C_/Users/habib/.pico-sdk/sdk/2.1.0/src/rp2_common/pico_double/double_v1_rom_shim_rp2040.S.obj
LOAD CMakeFiles/pwmCepedi.dir/C_/Users/habib/.pico-sdk/sdk/2.1.0/src/rp2_common/pico_int64_ops/pico_int64_ops_aeabi.S.obj
LOAD CMakeFiles/pwmCepedi.dir/C_/Users/habib/.pico-sdk/sdk/2.1.0/src/rp2_common/pico_float/float_aeabi_rp2040.S.obj
LOAD CMakeFiles/pwmCepedi.dir/C_/Users/habib/.pico-sdk/sdk/2.1.0/src/rp2_common/pico_float/float_init_rom_rp2040.c.obj
LOAD CMakeFiles/pwmCepedi.dir/C_/Users/habib/.pico-sdk/sdk/2.1.0/src/rp2_common/pico_float/float_math.c.obj
LOAD CMakeFiles/pwmCepedi.dir/C_/Users/habib/.pico-sdk/sdk/2.1.0/src/rp2_common/pico_float/float_v1_rom_shim_rp2040.S.obj
LOAD CMakeFiles/pwmCepedi.dir/C_/Users/habib/.pico-sdk/sdk/2.1.0/src/rp2_common/pico_malloc/malloc.c.obj
LOAD CMakeFiles/pwmCepedi.dir/C_/Users/habib/.pico-sdk/sdk/2.1.0/src/rp2_common/pico_mem_ops/mem_ops_aeabi.S.obj
LOAD CMakeFiles/pwmCepedi.dir/C_/Users/habib/.pico-sdk/sdk/2.1.0/src/rp2_common/pico_atomic/atomic.c.obj
LOAD CMakeFiles/pwmCepedi.dir/C_/Users/habib/.pico-sdk/sdk/2.1.0/src/rp2_common/pico_cxx_options/new_delete.cpp.obj
LOAD CMakeFiles/pwmCepedi.dir/C_/Users/habib/.pico-sdk/sdk/2.1.0/src/rp2_common/pico_standard_binary_info/standard_binary_info.c.obj
LOAD CMakeFiles/pwmCepedi.dir/C_/Users/habib/.pico-sdk/sdk/2.1.0/src/rp2_common/pico_printf/printf.c.obj
LOAD CMakeFiles/pwmCepedi.dir/C_/Users/habib/.pico-sdk/sdk/2.1.0/src/rp2_common/pico_crt0/crt0.S.obj
LOAD CMakeFiles/pwmCepedi.dir/C_/Users/habib/.pico-sdk/sdk/2.1.0/src/rp2_common/pico_clib_interface/newlib_interface.c.obj
LOAD CMakeFiles/pwmCepedi.dir/C_/Users/habib/.pico-sdk/sdk/2.1.0/src/rp2_common/pico_stdio/stdio.c.obj
LOAD CMakeFiles/pwmCepedi.dir/C_/Users/habib/.pico-sdk/sdk/2.1.0/src/rp2_common/pico_stdio_uart/stdio_uart.c.obj
LOAD CMakeFiles/pwmCepedi.dir/C_/Users/habib/.pico-sdk/sdk/2.1.0/src/rp2_common/pico_stdio_usb/reset_interface.c.obj
LOAD CMakeFiles/pwmCepedi.dir/C_/Users/habib/.pico-sdk/sdk/2.1.0/src/rp2_common/pico_stdio_usb/stdio_usb.c.obj
LOAD CMakeFiles/pwmCepedi.dir/C_/Users/habib/.pico-sdk/sdk/2.1.0/src/rp2_common/pico_stdio_usb/stdio_usb_descriptors.c.obj
LOAD CMakeFiles/pwmCepedi.dir/C_/Users/habib/.pico-sdk/sdk/2.1.0/src/rp2_common/pico_unique_id/unique_id.c.obj
LOAD CMakeFiles/pwmCepedi.dir/C_/Users/habib/.pico-sdk/sdk/2.1.0/src/rp2_common/hardware_flash/flash.c.obj
LOAD CMakeFiles/pwmCepedi.dir/C_/Users/habib/.pico-sdk/sdk/2.1.0/src/rp2_common/hardware_xip_cache/xip_cache.c.obj
LOAD CMakeFiles/pwmCepedi.dir/C_/Users/habib/.pico-sdk/sdk/2.1.0/lib/tinyusb/src/portable/raspberrypi/rp2040/dcd_rp2040.c.obj
LOAD CMakeFiles/pwmCepedi.dir/C_/Users/habib/.pico-sdk/sdk/2.1.0/lib/tinyusb/src/portable/raspberrypi/rp2040/rp2040_usb.c.obj
LOAD CMakeFiles/pwmCepedi.dir/C_/Users/habib/.pico-sdk/sdk/2.1.0/lib/tinyusb/src/device/usbd.c.obj
LOAD CMakeFiles/pwmCepedi.dir/C_/Users/habib/.pico-sdk/sdk/2.1.0/lib/tinyusb/src/device/usbd_control.c.obj
LOAD CMakeFiles/pwmCepedi.dir/C_/Users/habib/.pico-sdk/sdk/2.1.0/lib/tinyusb/src/class/audio/audio_device.c.obj
LOAD CMakeFiles/pwmCepedi.dir/C_/Users/habib/.pico-sdk/sdk/2.1.0/lib/tinyusb/src/class/cdc/cdc_device.c.obj
LOAD CMakeFiles/pwmCepedi.dir/C_/Users/habib/.pico-sdk/sdk/2.1.0/lib/tinyusb/src/class/dfu/dfu_device.c.obj
LOAD CMakeFiles/pwmCepedi.dir/C_/Users/habib/.pico-sdk/sdk/2.1.0/lib/tinyusb/src/class/dfu/dfu_rt_device.c.obj